
 Start Length Name Class
 0001:00401000 0000091C8H _TEXT                  CODE
 0002:0040B000 000002D98H _DATA                  DATA
 0003:0040DD98 000006A78H _BSS                   BSS
 0004:00000000 00000009CH _TLS                   TLS


Detailed map of segments
 0001:00000098 0000000C C=CODE    S=_TEXT    G=(none)   M=C:\USERS\PC260533\DESKTOP\TD1 ARCHI\PROG2.OBJ ACBP=A9
 0001:000000A4 00000010 C=CODE    S=_TEXT    G=(none)   M=C:\USERS\PC260533\DESKTOP\TD1 ARCHI\BONJOUR.OBJ ACBP=A9
 0001:000000B4 00000163 C=CODE    S=_TEXT    G=(none)   M=C:\PROGRAM FILES (X86)\EMBARCADERO\STUDIO\18.0\LIB\WIN32\RELEASE\C0X32.OBJ ACBP=A9
 0001:00000218 00000028 C=CODE    S=_TEXT    G=(none)   M=C:\PROGRAM FILES (X86)\EMBARCADERO\STUDIO\18.0\LIB\WIN32\RELEASE\CW32.LIB|delaop ACBP=A9
 0001:00000240 0000002E C=CODE    S=_TEXT    G=(none)   M=C:\PROGRAM FILES (X86)\EMBARCADERO\STUDIO\18.0\LIB\WIN32\RELEASE\CW32.LIB|delop ACBP=A9
 0001:00000270 0000004E C=CODE    S=_TEXT    G=(none)   M=C:\PROGRAM FILES (X86)\EMBARCADERO\STUDIO\18.0\LIB\WIN32\RELEASE\CW32.LIB|exceptio ACBP=A9
 0001:000002A5 0000009B C=CODE    S=_TEXT    G=(none)   M=C:\PROGRAM FILES (X86)\EMBARCADERO\STUDIO\18.0\LIB\WIN32\RELEASE\CW32.LIB|gccex ACBP=A9
 0001:00000340 00000112 C=CODE    S=_TEXT    G=(none)   M=C:\PROGRAM FILES (X86)\EMBARCADERO\STUDIO\18.0\LIB\WIN32\RELEASE\CW32.LIB|inst ACBP=A9
 0001:0000042C 0000014B C=CODE    S=_TEXT    G=(none)   M=C:\PROGRAM FILES (X86)\EMBARCADERO\STUDIO\18.0\LIB\WIN32\RELEASE\CW32.LIB|hrdir_b ACBP=A9
 0001:00000578 00000013 C=CODE    S=_TEXT    G=(none)   M=C:\PROGRAM FILES (X86)\EMBARCADERO\STUDIO\18.0\LIB\WIN32\RELEASE\CW32.LIB|hrdir_c ACBP=A9
 0001:0000058C 00000020 C=CODE    S=_TEXT    G=(none)   M=C:\PROGRAM FILES (X86)\EMBARCADERO\STUDIO\18.0\LIB\WIN32\RELEASE\CW32.LIB|hrdir_mf ACBP=A9
 0001:000005AC 00000016 C=CODE    S=_TEXT    G=(none)   M=C:\PROGRAM FILES (X86)\EMBARCADERO\STUDIO\18.0\LIB\WIN32\RELEASE\CW32.LIB|hrdir_r ACBP=A9
 0001:000005C4 000000DC C=CODE    S=_TEXT    G=(none)   M=C:\PROGRAM FILES (X86)\EMBARCADERO\STUDIO\18.0\LIB\WIN32\RELEASE\CW32.LIB|hrdir_s ACBP=A9
 0001:000006A0 00000001 C=CODE    S=_TEXT    G=(none)   M=C:\PROGRAM FILES (X86)\EMBARCADERO\STUDIO\18.0\LIB\WIN32\RELEASE\CW32.LIB|hrdir_us ACBP=A9
 0001:000006A4 00000DC2 C=CODE    S=_TEXT    G=(none)   M=C:\PROGRAM FILES (X86)\EMBARCADERO\STUDIO\18.0\LIB\WIN32\RELEASE\CW32.LIB|_fastmm ACBP=A9
 0001:00001468 00000B42 C=CODE    S=_TEXT    G=(none)   M=C:\PROGRAM FILES (X86)\EMBARCADERO\STUDIO\18.0\LIB\WIN32\RELEASE\CW32.LIB|_fastmma ACBP=A9
 0001:00001FAC 0000004A C=CODE    S=_TEXT    G=(none)   M=C:\PROGRAM FILES (X86)\EMBARCADERO\STUDIO\18.0\LIB\WIN32\RELEASE\CW32.LIB|heap ACBP=A9
 0001:00001FF8 00000065 C=CODE    S=_TEXT    G=(none)   M=C:\PROGRAM FILES (X86)\EMBARCADERO\STUDIO\18.0\LIB\WIN32\RELEASE\CW32.LIB|realloc ACBP=A9
 0001:00002060 00000001 C=CODE    S=_TEXT    G=(none)   M=C:\PROGRAM FILES (X86)\EMBARCADERO\STUDIO\18.0\LIB\WIN32\RELEASE\CW32.LIB|crtlst_i ACBP=A9
 0001:00002064 00000001 C=CODE    S=_TEXT    G=(none)   M=C:\PROGRAM FILES (X86)\EMBARCADERO\STUDIO\18.0\LIB\WIN32\RELEASE\CW32.LIB|crtlst_l ACBP=A9
 0001:00002068 00000032 C=CODE    S=_TEXT    G=(none)   M=C:\PROGRAM FILES (X86)\EMBARCADERO\STUDIO\18.0\LIB\WIN32\RELEASE\CW32.LIB|strdup ACBP=A9
 0001:0000209C 0000003F C=CODE    S=_TEXT    G=(none)   M=C:\PROGRAM FILES (X86)\EMBARCADERO\STUDIO\18.0\LIB\WIN32\RELEASE\CW32.LIB|wcscpy ACBP=A9
 0001:000020DC 00000018 C=CODE    S=_TEXT    G=(none)   M=C:\PROGRAM FILES (X86)\EMBARCADERO\STUDIO\18.0\LIB\WIN32\RELEASE\CW32.LIB|wcslen ACBP=A9
 0001:000020F4 00000016 C=CODE    S=_TEXT    G=(none)   M=C:\PROGRAM FILES (X86)\EMBARCADERO\STUDIO\18.0\LIB\WIN32\RELEASE\CW32.LIB|memcpy ACBP=A9
 0001:0000210C 00000117 C=CODE    S=_TEXT    G=(none)   M=C:\PROGRAM FILES (X86)\EMBARCADERO\STUDIO\18.0\LIB\WIN32\RELEASE\CW32.LIB|memmove ACBP=A9
 0001:00002224 000000B3 C=CODE    S=_TEXT    G=(none)   M=C:\PROGRAM FILES (X86)\EMBARCADERO\STUDIO\18.0\LIB\WIN32\RELEASE\CW32.LIB|memset ACBP=A9
 0001:000022D8 0000005A C=CODE    S=_TEXT    G=(none)   M=C:\PROGRAM FILES (X86)\EMBARCADERO\STUDIO\18.0\LIB\WIN32\RELEASE\CW32.LIB|strlen ACBP=A9
 0001:00002334 0000007A C=CODE    S=_TEXT    G=(none)   M=C:\PROGRAM FILES (X86)\EMBARCADERO\STUDIO\18.0\LIB\WIN32\RELEASE\CW32.LIB|strncat ACBP=A9
 0001:000023B0 000000DF C=CODE    S=_TEXT    G=(none)   M=C:\PROGRAM FILES (X86)\EMBARCADERO\STUDIO\18.0\LIB\WIN32\RELEASE\CW32.LIB|wmemset ACBP=A9
 0001:00002490 00000047 C=CODE    S=_TEXT    G=(none)   M=C:\PROGRAM FILES (X86)\EMBARCADERO\STUDIO\18.0\LIB\WIN32\RELEASE\CW32.LIB|__isatty ACBP=A9
 0001:000024D8 00000076 C=CODE    S=_TEXT    G=(none)   M=C:\PROGRAM FILES (X86)\EMBARCADERO\STUDIO\18.0\LIB\WIN32\RELEASE\CW32.LIB|__lseek ACBP=A9
 0001:00002550 0000011C C=CODE    S=_TEXT    G=(none)   M=C:\PROGRAM FILES (X86)\EMBARCADERO\STUDIO\18.0\LIB\WIN32\RELEASE\CW32.LIB|__write ACBP=A9
 0001:0000266C 00000011 C=CODE    S=_TEXT    G=(none)   M=C:\PROGRAM FILES (X86)\EMBARCADERO\STUDIO\18.0\LIB\WIN32\RELEASE\CW32.LIB|_cfinfo ACBP=A9
 0001:00002680 00000061 C=CODE    S=_TEXT    G=(none)   M=C:\PROGRAM FILES (X86)\EMBARCADERO\STUDIO\18.0\LIB\WIN32\RELEASE\CW32.LIB|_write ACBP=A9
 0001:000026E4 0000007D C=CODE    S=_TEXT    G=(none)   M=C:\PROGRAM FILES (X86)\EMBARCADERO\STUDIO\18.0\LIB\WIN32\RELEASE\CW32.LIB|allocbuf ACBP=A9
 0001:00002764 0000007F C=CODE    S=_TEXT    G=(none)   M=C:\PROGRAM FILES (X86)\EMBARCADERO\STUDIO\18.0\LIB\WIN32\RELEASE\CW32.LIB|fflush ACBP=A9
 0001:000027E4 0000005A C=CODE    S=_TEXT    G=(none)   M=C:\PROGRAM FILES (X86)\EMBARCADERO\STUDIO\18.0\LIB\WIN32\RELEASE\CW32.LIB|flushout ACBP=A9
 0001:00002840 00000023 C=CODE    S=_TEXT    G=(none)   M=C:\PROGRAM FILES (X86)\EMBARCADERO\STUDIO\18.0\LIB\WIN32\RELEASE\CW32.LIB|fmodeptr ACBP=A9
 0001:00002864 000000DC C=CODE    S=_TEXT    G=(none)   M=C:\PROGRAM FILES (X86)\EMBARCADERO\STUDIO\18.0\LIB\WIN32\RELEASE\CW32.LIB|fputn ACBP=A9
 0001:00002940 000002B9 C=CODE    S=_TEXT    G=(none)   M=C:\PROGRAM FILES (X86)\EMBARCADERO\STUDIO\18.0\LIB\WIN32\RELEASE\CW32.LIB|handles ACBP=A9
 0001:00002BFC 0000007E C=CODE    S=_TEXT    G=(none)   M=C:\PROGRAM FILES (X86)\EMBARCADERO\STUDIO\18.0\LIB\WIN32\RELEASE\CW32.LIB|ioerror ACBP=A9
 0001:00002C7C 0000011A C=CODE    S=_TEXT    G=(none)   M=C:\PROGRAM FILES (X86)\EMBARCADERO\STUDIO\18.0\LIB\WIN32\RELEASE\CW32.LIB|lputc ACBP=A9
 0001:00002D96 00000083 C=CODE    S=_TEXT    G=(none)   M=C:\PROGRAM FILES (X86)\EMBARCADERO\STUDIO\18.0\LIB\WIN32\RELEASE\CW32.LIB|perror ACBP=A9
 0001:00002D98 0000004E C=CODE    S=_TEXT    G=(none)   M=C:\PROGRAM FILES (X86)\EMBARCADERO\STUDIO\18.0\LIB\WIN32\RELEASE\CW32.LIB|puts ACBP=A9
 0001:00002DE8 00000101 C=CODE    S=_TEXT    G=(none)   M=C:\PROGRAM FILES (X86)\EMBARCADERO\STUDIO\18.0\LIB\WIN32\RELEASE\CW32.LIB|streams ACBP=A9
 0001:00002EEC 00000027 C=CODE    S=_TEXT    G=(none)   M=C:\PROGRAM FILES (X86)\EMBARCADERO\STUDIO\18.0\LIB\WIN32\RELEASE\CW32.LIB|xfflush ACBP=A9
 0001:00002F14 0000006C C=CODE    S=_TEXT    G=(none)   M=C:\PROGRAM FILES (X86)\EMBARCADERO\STUDIO\18.0\LIB\WIN32\RELEASE\CW32.LIB|getinfo ACBP=A9
 0001:00002F80 00000116 C=CODE    S=_TEXT    G=(none)   M=C:\PROGRAM FILES (X86)\EMBARCADERO\STUDIO\18.0\LIB\WIN32\RELEASE\CW32.LIB|is ACBP=A9
 0001:00003098 0000011B C=CODE    S=_TEXT    G=(none)   M=C:\PROGRAM FILES (X86)\EMBARCADERO\STUDIO\18.0\LIB\WIN32\RELEASE\CW32.LIB|wis ACBP=A9
 0001:000031B4 0000009F C=CODE    S=_TEXT    G=(none)   M=C:\PROGRAM FILES (X86)\EMBARCADERO\STUDIO\18.0\LIB\WIN32\RELEASE\CW32.LIB|isctype ACBP=A9
 0001:00003254 000000E6 C=CODE    S=_TEXT    G=(none)   M=C:\PROGRAM FILES (X86)\EMBARCADERO\STUDIO\18.0\LIB\WIN32\RELEASE\CW32.LIB|iswctype ACBP=A9
 0001:0000333C 00000184 C=CODE    S=_TEXT    G=(none)   M=C:\PROGRAM FILES (X86)\EMBARCADERO\STUDIO\18.0\LIB\WIN32\RELEASE\CW32.LIB|_pow10 ACBP=A9
 0001:000034C0 00000013 C=CODE    S=_TEXT    G=(none)   M=C:\PROGRAM FILES (X86)\EMBARCADERO\STUDIO\18.0\LIB\WIN32\RELEASE\CW32.LIB|clear87 ACBP=A9
 0001:000034D4 0000002F C=CODE    S=_TEXT    G=(none)   M=C:\PROGRAM FILES (X86)\EMBARCADERO\STUDIO\18.0\LIB\WIN32\RELEASE\CW32.LIB|ctrl87 ACBP=A9
 0001:00003504 00000018 C=CODE    S=_TEXT    G=(none)   M=C:\PROGRAM FILES (X86)\EMBARCADERO\STUDIO\18.0\LIB\WIN32\RELEASE\CW32.LIB|cvtfak ACBP=A9
 0001:0000351C 00000018 C=CODE    S=_TEXT    G=(none)   M=C:\PROGRAM FILES (X86)\EMBARCADERO\STUDIO\18.0\LIB\WIN32\RELEASE\CW32.LIB|cvtfakw ACBP=A9
 0001:00003534 00000016 C=CODE    S=_TEXT    G=(none)   M=C:\PROGRAM FILES (X86)\EMBARCADERO\STUDIO\18.0\LIB\WIN32\RELEASE\CW32.LIB|fpreset ACBP=A9
 0001:0000354C 0000002D C=CODE    S=_TEXT    G=(none)   M=C:\PROGRAM FILES (X86)\EMBARCADERO\STUDIO\18.0\LIB\WIN32\RELEASE\CW32.LIB|fuildq ACBP=A9
 0001:0000357C 00000021 C=CODE    S=_TEXT    G=(none)   M=C:\PROGRAM FILES (X86)\EMBARCADERO\STUDIO\18.0\LIB\WIN32\RELEASE\CW32.LIB|fuistq ACBP=A9
 0001:000035A0 00000011 C=CODE    S=_TEXT    G=(none)   M=C:\PROGRAM FILES (X86)\EMBARCADERO\STUDIO\18.0\LIB\WIN32\RELEASE\CW32.LIB|fxam ACBP=A9
 0001:000035B4 0000011B C=CODE    S=_TEXT    G=(none)   M=C:\PROGRAM FILES (X86)\EMBARCADERO\STUDIO\18.0\LIB\WIN32\RELEASE\CW32.LIB|ldtrunc ACBP=A9
 0001:000036D0 0000008F C=CODE    S=_TEXT    G=(none)   M=C:\PROGRAM FILES (X86)\EMBARCADERO\STUDIO\18.0\LIB\WIN32\RELEASE\CW32.LIB|longtoa ACBP=A9
 0001:00003760 0000002A C=CODE    S=_TEXT    G=(none)   M=C:\PROGRAM FILES (X86)\EMBARCADERO\STUDIO\18.0\LIB\WIN32\RELEASE\CW32.LIB|matherr ACBP=A9
 0001:0000378C 0000002E C=CODE    S=_TEXT    G=(none)   M=C:\PROGRAM FILES (X86)\EMBARCADERO\STUDIO\18.0\LIB\WIN32\RELEASE\CW32.LIB|matherrl ACBP=A9
 0001:000037BC 00000016 C=CODE    S=_TEXT    G=(none)   M=C:\PROGRAM FILES (X86)\EMBARCADERO\STUDIO\18.0\LIB\WIN32\RELEASE\CW32.LIB|mathptr ACBP=A9
 0001:000037D4 00000025 C=CODE    S=_TEXT    G=(none)   M=C:\PROGRAM FILES (X86)\EMBARCADERO\STUDIO\18.0\LIB\WIN32\RELEASE\CW32.LIB|qdiv10 ACBP=A9
 0001:000037FC 0000002E C=CODE    S=_TEXT    G=(none)   M=C:\PROGRAM FILES (X86)\EMBARCADERO\STUDIO\18.0\LIB\WIN32\RELEASE\CW32.LIB|qmul10 ACBP=A9
 0001:0000382C 000002F9 C=CODE    S=_TEXT    G=(none)   M=C:\PROGRAM FILES (X86)\EMBARCADERO\STUDIO\18.0\LIB\WIN32\RELEASE\CW32.LIB|realcvt ACBP=A9
 0001:00003B28 00000331 C=CODE    S=_TEXT    G=(none)   M=C:\PROGRAM FILES (X86)\EMBARCADERO\STUDIO\18.0\LIB\WIN32\RELEASE\CW32.LIB|realcvtw ACBP=A9
 0001:00003E5C 000004E9 C=CODE    S=_TEXT    G=(none)   M=C:\PROGRAM FILES (X86)\EMBARCADERO\STUDIO\18.0\LIB\WIN32\RELEASE\CW32.LIB|scantod ACBP=A9
 0001:00004348 000004F5 C=CODE    S=_TEXT    G=(none)   M=C:\PROGRAM FILES (X86)\EMBARCADERO\STUDIO\18.0\LIB\WIN32\RELEASE\CW32.LIB|scanwtod ACBP=A9
 0001:00004840 000002D8 C=CODE    S=_TEXT    G=(none)   M=C:\PROGRAM FILES (X86)\EMBARCADERO\STUDIO\18.0\LIB\WIN32\RELEASE\CW32.LIB|xcvt ACBP=A9
 0001:00004B18 000002F7 C=CODE    S=_TEXT    G=(none)   M=C:\PROGRAM FILES (X86)\EMBARCADERO\STUDIO\18.0\LIB\WIN32\RELEASE\CW32.LIB|xcvtw ACBP=A9
 0001:00004E10 0000014D C=CODE    S=_TEXT    G=(none)   M=C:\PROGRAM FILES (X86)\EMBARCADERO\STUDIO\18.0\LIB\WIN32\RELEASE\CW32.LIB|mbctype ACBP=A9
 0001:00004F60 0000001A C=CODE    S=_TEXT    G=(none)   M=C:\PROGRAM FILES (X86)\EMBARCADERO\STUDIO\18.0\LIB\WIN32\RELEASE\CW32.LIB|mbisspc ACBP=A9
 0001:00004F7C 00000058 C=CODE    S=_TEXT    G=(none)   M=C:\PROGRAM FILES (X86)\EMBARCADERO\STUDIO\18.0\LIB\WIN32\RELEASE\CW32.LIB|mbsrchr ACBP=A9
 0001:00004FD4 000000A6 C=CODE    S=_TEXT    G=(none)   M=C:\PROGRAM FILES (X86)\EMBARCADERO\STUDIO\18.0\LIB\WIN32\RELEASE\CW32.LIB|assert ACBP=A9
 0001:0000507C 000000BA C=CODE    S=_TEXT    G=(none)   M=C:\PROGRAM FILES (X86)\EMBARCADERO\STUDIO\18.0\LIB\WIN32\RELEASE\CW32.LIB|ermsghlp ACBP=A9
 0001:00005138 00000006 C=CODE    S=_TEXT    G=(none)   M=C:\PROGRAM FILES (X86)\EMBARCADERO\STUDIO\18.0\LIB\WIN32\RELEASE\CW32.LIB|errno ACBP=A9
 0001:00005140 0000019F C=CODE    S=_TEXT    G=(none)   M=C:\PROGRAM FILES (X86)\EMBARCADERO\STUDIO\18.0\LIB\WIN32\RELEASE\CW32.LIB|errormsg ACBP=A9
 0001:000052E0 00000348 C=CODE    S=_TEXT    G=(none)   M=C:\PROGRAM FILES (X86)\EMBARCADERO\STUDIO\18.0\LIB\WIN32\RELEASE\CW32.LIB|debug_wrapper ACBP=A9
 0001:00005624 000000A6 C=CODE    S=_TEXT    G=(none)   M=C:\PROGRAM FILES (X86)\EMBARCADERO\STUDIO\18.0\LIB\WIN32\RELEASE\CW32.LIB|abort ACBP=A9
 0001:000056CC 0000011E C=CODE    S=_TEXT    G=(none)   M=C:\PROGRAM FILES (X86)\EMBARCADERO\STUDIO\18.0\LIB\WIN32\RELEASE\CW32.LIB|__atexit ACBP=A9
 0001:000057EC 00000047 C=CODE    S=_TEXT    G=(none)   M=C:\PROGRAM FILES (X86)\EMBARCADERO\STUDIO\18.0\LIB\WIN32\RELEASE\CW32.LIB|__exit ACBP=A9
 0001:00005834 00000065 C=CODE    S=_TEXT    G=(none)   M=C:\PROGRAM FILES (X86)\EMBARCADERO\STUDIO\18.0\LIB\WIN32\RELEASE\CW32.LIB|exit ACBP=A9
 0001:0000589C 0000001A C=CODE    S=_TEXT    G=(none)   M=C:\PROGRAM FILES (X86)\EMBARCADERO\STUDIO\18.0\LIB\WIN32\RELEASE\CW32.LIB|initwild ACBP=A9
 0001:000058B8 00000011 C=CODE    S=_TEXT    G=(none)   M=C:\PROGRAM FILES (X86)\EMBARCADERO\STUDIO\18.0\LIB\WIN32\RELEASE\CW32.LIB|exparg ACBP=A9
 0001:000058CC 00000011 C=CODE    S=_TEXT    G=(none)   M=C:\PROGRAM FILES (X86)\EMBARCADERO\STUDIO\18.0\LIB\WIN32\RELEASE\CW32.LIB|wexparg ACBP=A9
 0001:000058E0 00000027 C=CODE    S=_TEXT    G=(none)   M=C:\PROGRAM FILES (X86)\EMBARCADERO\STUDIO\18.0\LIB\WIN32\RELEASE\CW32.LIB|initargv ACBP=A9
 0001:00005908 0000016C C=CODE    S=_TEXT    G=(none)   M=C:\PROGRAM FILES (X86)\EMBARCADERO\STUDIO\18.0\LIB\WIN32\RELEASE\CW32.LIB|setargv ACBP=A9
 0001:00005A74 00000224 C=CODE    S=_TEXT    G=(none)   M=C:\PROGRAM FILES (X86)\EMBARCADERO\STUDIO\18.0\LIB\WIN32\RELEASE\CW32.LIB|hsargv ACBP=A9
 0001:00005C98 0000026D C=CODE    S=_TEXT    G=(none)   M=C:\PROGRAM FILES (X86)\EMBARCADERO\STUDIO\18.0\LIB\WIN32\RELEASE\CW32.LIB|whsargv ACBP=A9
 0001:00005F08 00000045 C=CODE    S=_TEXT    G=(none)   M=C:\PROGRAM FILES (X86)\EMBARCADERO\STUDIO\18.0\LIB\WIN32\RELEASE\CW32.LIB|setargv0 ACBP=A9
 0001:00005F50 000001A0 C=CODE    S=_TEXT    G=(none)   M=C:\PROGRAM FILES (X86)\EMBARCADERO\STUDIO\18.0\LIB\WIN32\RELEASE\CW32.LIB|setenvp ACBP=A9
 0001:000060F0 000002FA C=CODE    S=_TEXT    G=(none)   M=C:\PROGRAM FILES (X86)\EMBARCADERO\STUDIO\18.0\LIB\WIN32\RELEASE\CW32.LIB|signal ACBP=A9
 0001:000063EC 00000122 C=CODE    S=_TEXT    G=(none)   M=C:\PROGRAM FILES (X86)\EMBARCADERO\STUDIO\18.0\LIB\WIN32\RELEASE\CW32.LIB|initexit ACBP=A9
 0001:00006510 0000016C C=CODE    S=_TEXT    G=(none)   M=C:\PROGRAM FILES (X86)\EMBARCADERO\STUDIO\18.0\LIB\WIN32\RELEASE\CW32.LIB|startup ACBP=A9
 0001:0000667C 0000004F C=CODE    S=_TEXT    G=(none)   M=C:\PROGRAM FILES (X86)\EMBARCADERO\STUDIO\18.0\LIB\WIN32\RELEASE\CW32.LIB|tlsstat ACBP=A9
 0001:000066CC 00000070 C=CODE    S=_TEXT    G=(none)   M=C:\PROGRAM FILES (X86)\EMBARCADERO\STUDIO\18.0\LIB\WIN32\RELEASE\CW32.LIB|xxa ACBP=A9
 0001:0000673C 000008B9 C=CODE    S=_TEXT    G=(none)   M=C:\PROGRAM FILES (X86)\EMBARCADERO\STUDIO\18.0\LIB\WIN32\RELEASE\CW32.LIB|xxtype ACBP=A9
 0001:00006FBF 0000005A C=CODE    S=_TEXT    G=(none)   M=C:\PROGRAM FILES (X86)\EMBARCADERO\STUDIO\18.0\LIB\WIN32\RELEASE\CW32.LIB|xxut ACBP=A9
 0001:00006FE8 00000147 C=CODE    S=_TEXT    G=(none)   M=C:\PROGRAM FILES (X86)\EMBARCADERO\STUDIO\18.0\LIB\WIN32\RELEASE\CW32.LIB|xxv ACBP=A9
 0001:00007130 0000000A C=CODE    S=_TEXT    G=(none)   M=C:\PROGRAM FILES (X86)\EMBARCADERO\STUDIO\18.0\LIB\WIN32\RELEASE\CW32.LIB|defhandl ACBP=A9
 0001:0000713C 00000195 C=CODE    S=_TEXT    G=(none)   M=C:\PROGRAM FILES (X86)\EMBARCADERO\STUDIO\18.0\LIB\WIN32\RELEASE\CW32.LIB|except ACBP=A9
 0001:000072D4 00000046 C=CODE    S=_TEXT    G=(none)   M=C:\PROGRAM FILES (X86)\EMBARCADERO\STUDIO\18.0\LIB\WIN32\RELEASE\CW32.LIB|setexc ACBP=A9
 0001:0000731C 00000031 C=CODE    S=_TEXT    G=(none)   M=C:\PROGRAM FILES (X86)\EMBARCADERO\STUDIO\18.0\LIB\WIN32\RELEASE\CW32.LIB|ta ACBP=A9
 0001:00007350 00001DAC C=CODE    S=_TEXT    G=(none)   M=C:\PROGRAM FILES (X86)\EMBARCADERO\STUDIO\18.0\LIB\WIN32\RELEASE\CW32.LIB|xx ACBP=A9
 0002:00000000 00000010 C=DATA    S=_DATA    G=DGROUP   M=C:\USERS\PC260533\DESKTOP\TD1 ARCHI\BONJOUR.OBJ ACBP=A9
 0002:00000010 000000C8 C=DATA    S=_DATA    G=DGROUP   M=C:\PROGRAM FILES (X86)\EMBARCADERO\STUDIO\18.0\LIB\WIN32\RELEASE\C0X32.OBJ ACBP=A9
 0002:000000D8 00000010 C=DATA    S=_DATA    G=DGROUP   M=C:\PROGRAM FILES (X86)\EMBARCADERO\STUDIO\18.0\LIB\WIN32\RELEASE\CW32.LIB|delaop ACBP=A9
 0002:000000E8 00000010 C=DATA    S=_DATA    G=DGROUP   M=C:\PROGRAM FILES (X86)\EMBARCADERO\STUDIO\18.0\LIB\WIN32\RELEASE\CW32.LIB|delop ACBP=A9
 0002:000000F8 0000002C C=DATA    S=_DATA    G=DGROUP   M=C:\PROGRAM FILES (X86)\EMBARCADERO\STUDIO\18.0\LIB\WIN32\RELEASE\CW32.LIB|exceptio ACBP=A9
 0002:00000100 00000028 C=DATA    S=_DATA    G=DGROUP   M=C:\PROGRAM FILES (X86)\EMBARCADERO\STUDIO\18.0\LIB\WIN32\RELEASE\CW32.LIB|gccex ACBP=A9
 0002:00000128 00000068 C=DATA    S=_DATA    G=DGROUP   M=C:\PROGRAM FILES (X86)\EMBARCADERO\STUDIO\18.0\LIB\WIN32\RELEASE\CW32.LIB|inst ACBP=A9
 0002:00000178 00000110 C=DATA    S=_DATA    G=DGROUP   M=C:\PROGRAM FILES (X86)\EMBARCADERO\STUDIO\18.0\LIB\WIN32\RELEASE\CW32.LIB|hrdir_b ACBP=A9
 0002:00000288 00000024 C=DATA    S=_DATA    G=DGROUP   M=C:\PROGRAM FILES (X86)\EMBARCADERO\STUDIO\18.0\LIB\WIN32\RELEASE\CW32.LIB|hrdir_s ACBP=A9
 0002:000002AC 00000004 C=DATA    S=_DATA    G=DGROUP   M=C:\PROGRAM FILES (X86)\EMBARCADERO\STUDIO\18.0\LIB\WIN32\RELEASE\CW32.LIB|_stkchk ACBP=A9
 0002:000002B0 000007B4 C=DATA    S=_DATA    G=DGROUP   M=C:\PROGRAM FILES (X86)\EMBARCADERO\STUDIO\18.0\LIB\WIN32\RELEASE\CW32.LIB|_fastmm ACBP=A9
 0002:00000A64 00000004 C=DATA    S=_DATA    G=DGROUP   M=C:\PROGRAM FILES (X86)\EMBARCADERO\STUDIO\18.0\LIB\WIN32\RELEASE\CW32.LIB|_cfinfo ACBP=A9
 0002:00000A68 00000004 C=DATA    S=_DATA    G=DGROUP   M=C:\PROGRAM FILES (X86)\EMBARCADERO\STUDIO\18.0\LIB\WIN32\RELEASE\CW32.LIB|cfinfo ACBP=A9
 0002:00000A6C 000004B0 C=DATA    S=_DATA    G=DGROUP   M=C:\PROGRAM FILES (X86)\EMBARCADERO\STUDIO\18.0\LIB\WIN32\RELEASE\CW32.LIB|files ACBP=A9
 0002:00000F1C 000000CC C=DATA    S=_DATA    G=DGROUP   M=C:\PROGRAM FILES (X86)\EMBARCADERO\STUDIO\18.0\LIB\WIN32\RELEASE\CW32.LIB|files2 ACBP=A9
 0002:00000FE8 00000004 C=DATA    S=_DATA    G=DGROUP   M=C:\PROGRAM FILES (X86)\EMBARCADERO\STUDIO\18.0\LIB\WIN32\RELEASE\CW32.LIB|fmode ACBP=A9
 0002:00000FEC 00000004 C=DATA    S=_DATA    G=DGROUP   M=C:\PROGRAM FILES (X86)\EMBARCADERO\STUDIO\18.0\LIB\WIN32\RELEASE\CW32.LIB|fmodeptr ACBP=A9
 0002:00000FF0 0000012B C=DATA    S=_DATA    G=DGROUP   M=C:\PROGRAM FILES (X86)\EMBARCADERO\STUDIO\18.0\LIB\WIN32\RELEASE\CW32.LIB|ioerror ACBP=A9
 0002:0000111C 00000494 C=DATA    S=_DATA    G=DGROUP   M=C:\PROGRAM FILES (X86)\EMBARCADERO\STUDIO\18.0\LIB\WIN32\RELEASE\CW32.LIB|perror ACBP=A9
 0002:000015B0 00000202 C=DATA    S=_DATA    G=DGROUP   M=C:\PROGRAM FILES (X86)\EMBARCADERO\STUDIO\18.0\LIB\WIN32\RELEASE\CW32.LIB|bigctype ACBP=A9
 0002:000017B4 0000025C C=DATA    S=_DATA    G=DGROUP   M=C:\PROGRAM FILES (X86)\EMBARCADERO\STUDIO\18.0\LIB\WIN32\RELEASE\CW32.LIB|clocale ACBP=A9
 0002:00001A10 000000C0 C=DATA    S=_DATA    G=DGROUP   M=C:\PROGRAM FILES (X86)\EMBARCADERO\STUDIO\18.0\LIB\WIN32\RELEASE\CW32.LIB|_pow10 ACBP=A9
 0002:00001AD0 00000068 C=DATA    S=_DATA    G=DGROUP   M=C:\PROGRAM FILES (X86)\EMBARCADERO\STUDIO\18.0\LIB\WIN32\RELEASE\CW32.LIB|cvtfak ACBP=A9
 0002:00001B38 00000068 C=DATA    S=_DATA    G=DGROUP   M=C:\PROGRAM FILES (X86)\EMBARCADERO\STUDIO\18.0\LIB\WIN32\RELEASE\CW32.LIB|cvtfakw ACBP=A9
 0002:00001BA0 00000004 C=DATA    S=_DATA    G=DGROUP   M=C:\PROGRAM FILES (X86)\EMBARCADERO\STUDIO\18.0\LIB\WIN32\RELEASE\CW32.LIB|deflt87 ACBP=A9
 0002:00001BA4 0000007C C=DATA    S=_DATA    G=DGROUP   M=C:\PROGRAM FILES (X86)\EMBARCADERO\STUDIO\18.0\LIB\WIN32\RELEASE\CW32.LIB|hugeval ACBP=A9
 0002:00001C20 00000008 C=DATA    S=_DATA    G=DGROUP   M=C:\PROGRAM FILES (X86)\EMBARCADERO\STUDIO\18.0\LIB\WIN32\RELEASE\CW32.LIB|initcvt ACBP=A9
 0002:00001C28 00000008 C=DATA    S=_DATA    G=DGROUP   M=C:\PROGRAM FILES (X86)\EMBARCADERO\STUDIO\18.0\LIB\WIN32\RELEASE\CW32.LIB|mathptr ACBP=A9
 0002:00001C30 00000014 C=DATA    S=_DATA    G=DGROUP   M=C:\PROGRAM FILES (X86)\EMBARCADERO\STUDIO\18.0\LIB\WIN32\RELEASE\CW32.LIB|realcvt ACBP=A9
 0002:00001C44 00000028 C=DATA    S=_DATA    G=DGROUP   M=C:\PROGRAM FILES (X86)\EMBARCADERO\STUDIO\18.0\LIB\WIN32\RELEASE\CW32.LIB|realcvtw ACBP=A9
 0002:00001C6C 00000028 C=DATA    S=_DATA    G=DGROUP   M=C:\PROGRAM FILES (X86)\EMBARCADERO\STUDIO\18.0\LIB\WIN32\RELEASE\CW32.LIB|scantod ACBP=A9
 0002:00001C94 00000028 C=DATA    S=_DATA    G=DGROUP   M=C:\PROGRAM FILES (X86)\EMBARCADERO\STUDIO\18.0\LIB\WIN32\RELEASE\CW32.LIB|scanwtod ACBP=A9
 0002:00001CBC 00000048 C=DATA    S=_DATA    G=DGROUP   M=C:\PROGRAM FILES (X86)\EMBARCADERO\STUDIO\18.0\LIB\WIN32\RELEASE\CW32.LIB|mbctype ACBP=A9
 0002:00001D04 00000024 C=DATA    S=_DATA    G=DGROUP   M=C:\PROGRAM FILES (X86)\EMBARCADERO\STUDIO\18.0\LIB\WIN32\RELEASE\CW32.LIB|assert ACBP=A9
 0002:00001D28 00000024 C=DATA    S=_DATA    G=DGROUP   M=C:\PROGRAM FILES (X86)\EMBARCADERO\STUDIO\18.0\LIB\WIN32\RELEASE\CW32.LIB|ermsghlp ACBP=A9
 0002:00001D4C 00000004 C=DATA    S=_DATA    G=DGROUP   M=C:\PROGRAM FILES (X86)\EMBARCADERO\STUDIO\18.0\LIB\WIN32\RELEASE\CW32.LIB|errno ACBP=A9
 0002:00001D50 00000010 C=DATA    S=_DATA    G=DGROUP   M=C:\PROGRAM FILES (X86)\EMBARCADERO\STUDIO\18.0\LIB\WIN32\RELEASE\CW32.LIB|errormsg ACBP=A9
 0002:00001D60 00000018 C=DATA    S=_DATA    G=DGROUP   M=C:\PROGRAM FILES (X86)\EMBARCADERO\STUDIO\18.0\LIB\WIN32\RELEASE\CW32.LIB|debug_wrapper ACBP=A9
 0002:00001D78 0000003C C=DATA    S=_DATA    G=DGROUP   M=C:\PROGRAM FILES (X86)\EMBARCADERO\STUDIO\18.0\LIB\WIN32\RELEASE\CW32.LIB|abort ACBP=A9
 0002:00001DB4 0000000C C=DATA    S=_DATA    G=DGROUP   M=C:\PROGRAM FILES (X86)\EMBARCADERO\STUDIO\18.0\LIB\WIN32\RELEASE\CW32.LIB|__exit ACBP=A9
 0002:00001DC0 00000008 C=DATA    S=_DATA    G=DGROUP   M=C:\PROGRAM FILES (X86)\EMBARCADERO\STUDIO\18.0\LIB\WIN32\RELEASE\CW32.LIB|saptr ACBP=A9
 0002:00001DC8 00000008 C=DATA    S=_DATA    G=DGROUP   M=C:\PROGRAM FILES (X86)\EMBARCADERO\STUDIO\18.0\LIB\WIN32\RELEASE\CW32.LIB|wsaptr ACBP=A9
 0002:00001DD0 00000054 C=DATA    S=_DATA    G=DGROUP   M=C:\PROGRAM FILES (X86)\EMBARCADERO\STUDIO\18.0\LIB\WIN32\RELEASE\CW32.LIB|setargv ACBP=A9
 0002:00001E24 00000028 C=DATA    S=_DATA    G=DGROUP   M=C:\PROGRAM FILES (X86)\EMBARCADERO\STUDIO\18.0\LIB\WIN32\RELEASE\CW32.LIB|hsargv ACBP=A9
 0002:00001E4C 00000024 C=DATA    S=_DATA    G=DGROUP   M=C:\PROGRAM FILES (X86)\EMBARCADERO\STUDIO\18.0\LIB\WIN32\RELEASE\CW32.LIB|whsargv ACBP=A9
 0002:00001E70 00000004 C=DATA    S=_DATA    G=DGROUP   M=C:\PROGRAM FILES (X86)\EMBARCADERO\STUDIO\18.0\LIB\WIN32\RELEASE\CW32.LIB|wildptr ACBP=A9
 0002:00001E74 00000004 C=DATA    S=_DATA    G=DGROUP   M=C:\PROGRAM FILES (X86)\EMBARCADERO\STUDIO\18.0\LIB\WIN32\RELEASE\CW32.LIB|wwildptr ACBP=A9
 0002:00001E78 00000020 C=DATA    S=_DATA    G=DGROUP   M=C:\PROGRAM FILES (X86)\EMBARCADERO\STUDIO\18.0\LIB\WIN32\RELEASE\CW32.LIB|setargv0 ACBP=A9
 0002:00001E98 00000054 C=DATA    S=_DATA    G=DGROUP   M=C:\PROGRAM FILES (X86)\EMBARCADERO\STUDIO\18.0\LIB\WIN32\RELEASE\CW32.LIB|setenvp ACBP=A9
 0002:00001EEC 0000005E C=DATA    S=_DATA    G=DGROUP   M=C:\PROGRAM FILES (X86)\EMBARCADERO\STUDIO\18.0\LIB\WIN32\RELEASE\CW32.LIB|signal ACBP=A9
 0002:00001F4C 00000004 C=DATA    S=_DATA    G=DGROUP   M=C:\PROGRAM FILES (X86)\EMBARCADERO\STUDIO\18.0\LIB\WIN32\RELEASE\CW32.LIB|globals ACBP=A9
 0002:00001F50 00000004 C=DATA    S=_DATA    G=DGROUP   M=C:\PROGRAM FILES (X86)\EMBARCADERO\STUDIO\18.0\LIB\WIN32\RELEASE\CW32.LIB|initexit ACBP=A9
 0002:00001F54 00000004 C=DATA    S=_DATA    G=DGROUP   M=C:\PROGRAM FILES (X86)\EMBARCADERO\STUDIO\18.0\LIB\WIN32\RELEASE\CW32.LIB|xx_xpf ACBP=A9
 0002:00001F58 00000370 C=DATA    S=_DATA    G=DGROUP   M=C:\PROGRAM FILES (X86)\EMBARCADERO\STUDIO\18.0\LIB\WIN32\RELEASE\CW32.LIB|xxtype ACBP=A9
 0002:000022B8 00000014 C=DATA    S=_DATA    G=DGROUP   M=C:\PROGRAM FILES (X86)\EMBARCADERO\STUDIO\18.0\LIB\WIN32\RELEASE\CW32.LIB|xxut ACBP=A9
 0002:000022C0 000000E8 C=DATA    S=_DATA    G=DGROUP   M=C:\PROGRAM FILES (X86)\EMBARCADERO\STUDIO\18.0\LIB\WIN32\RELEASE\CW32.LIB|xxv ACBP=A9
 0002:000023A8 00000010 C=DATA    S=_DATA    G=DGROUP   M=C:\PROGRAM FILES (X86)\EMBARCADERO\STUDIO\18.0\LIB\WIN32\RELEASE\CW32.LIB|except ACBP=A9
 0002:000023B8 000009E0 C=DATA    S=_DATA    G=DGROUP   M=C:\PROGRAM FILES (X86)\EMBARCADERO\STUDIO\18.0\LIB\WIN32\RELEASE\CW32.LIB|xx ACBP=A9
 0003:00000000 00000020 C=BSS     S=_BSS     G=DGROUP   M=C:\PROGRAM FILES (X86)\EMBARCADERO\STUDIO\18.0\LIB\WIN32\RELEASE\CW32.LIB|hrdir_b ACBP=A9
 0003:00000020 000021FC C=BSS     S=_BSS     G=DGROUP   M=C:\PROGRAM FILES (X86)\EMBARCADERO\STUDIO\18.0\LIB\WIN32\RELEASE\CW32.LIB|_fastmm ACBP=A9
 0003:0000221C 00000190 C=BSS     S=_BSS     G=DGROUP   M=C:\PROGRAM FILES (X86)\EMBARCADERO\STUDIO\18.0\LIB\WIN32\RELEASE\CW32.LIB|files2 ACBP=A9
 0003:000023AC 00000004 C=BSS     S=_BSS     G=DGROUP   M=C:\PROGRAM FILES (X86)\EMBARCADERO\STUDIO\18.0\LIB\WIN32\RELEASE\CW32.LIB|ioerror ACBP=A9
 0003:000023B0 00000108 C=BSS     S=_BSS     G=DGROUP   M=C:\PROGRAM FILES (X86)\EMBARCADERO\STUDIO\18.0\LIB\WIN32\RELEASE\CW32.LIB|mbctype ACBP=A9
 0003:000024B8 00000100 C=BSS     S=_BSS     G=DGROUP   M=C:\PROGRAM FILES (X86)\EMBARCADERO\STUDIO\18.0\LIB\WIN32\RELEASE\CW32.LIB|assert ACBP=A9
 0003:000025B8 00000019 C=BSS     S=_BSS     G=DGROUP   M=C:\PROGRAM FILES (X86)\EMBARCADERO\STUDIO\18.0\LIB\WIN32\RELEASE\CW32.LIB|ermsghlp ACBP=A9
 0003:000025D4 00000004 C=BSS     S=_BSS     G=DGROUP   M=C:\PROGRAM FILES (X86)\EMBARCADERO\STUDIO\18.0\LIB\WIN32\RELEASE\CW32.LIB|debug_wrapper ACBP=A9
 0003:000025D8 00004004 C=BSS     S=_BSS     G=DGROUP   M=C:\PROGRAM FILES (X86)\EMBARCADERO\STUDIO\18.0\LIB\WIN32\RELEASE\CW32.LIB|__atexit ACBP=A9
 0003:000065DC 0000000C C=BSS     S=_BSS     G=DGROUP   M=C:\PROGRAM FILES (X86)\EMBARCADERO\STUDIO\18.0\LIB\WIN32\RELEASE\CW32.LIB|setargv ACBP=A9
 0003:000065E8 00000004 C=BSS     S=_BSS     G=DGROUP   M=C:\PROGRAM FILES (X86)\EMBARCADERO\STUDIO\18.0\LIB\WIN32\RELEASE\CW32.LIB|hsargv ACBP=A9
 0003:000065EC 00000004 C=BSS     S=_BSS     G=DGROUP   M=C:\PROGRAM FILES (X86)\EMBARCADERO\STUDIO\18.0\LIB\WIN32\RELEASE\CW32.LIB|whsargv ACBP=A9
 0003:000065F0 00000010 C=BSS     S=_BSS     G=DGROUP   M=C:\PROGRAM FILES (X86)\EMBARCADERO\STUDIO\18.0\LIB\WIN32\RELEASE\CW32.LIB|setenvp ACBP=A9
 0003:00006600 00000040 C=BSS     S=_BSS     G=DGROUP   M=C:\PROGRAM FILES (X86)\EMBARCADERO\STUDIO\18.0\LIB\WIN32\RELEASE\CW32.LIB|globals ACBP=A9
 0003:00006640 00000408 C=BSS     S=_BSS     G=DGROUP   M=C:\PROGRAM FILES (X86)\EMBARCADERO\STUDIO\18.0\LIB\WIN32\RELEASE\CW32.LIB|xxtype ACBP=A9
 0003:00006A48 00000008 C=BSS     S=_BSS     G=DGROUP   M=C:\PROGRAM FILES (X86)\EMBARCADERO\STUDIO\18.0\LIB\WIN32\RELEASE\CW32.LIB|xxv ACBP=A9
 0003:00006A50 00000008 C=BSS     S=_BSS     G=DGROUP   M=C:\PROGRAM FILES (X86)\EMBARCADERO\STUDIO\18.0\LIB\WIN32\RELEASE\CW32.LIB|except ACBP=A9
 0003:00006A58 00000020 C=BSS     S=_BSS     G=DGROUP   M=C:\PROGRAM FILES (X86)\EMBARCADERO\STUDIO\18.0\LIB\WIN32\RELEASE\CW32.LIB|xx ACBP=A9
 0004:00000000 0000009C C=TLS     S=_TLS     G=DGROUP   M=C:\PROGRAM FILES (X86)\EMBARCADERO\STUDIO\18.0\LIB\WIN32\RELEASE\CW32.LIB|xxv ACBP=A9

 Address Publics by Name

 0002:00000164  @std@bad_cast@3
 0002:00002D84  @std@bad_exception@3
 0002:000022A4  @std@bad_typeid@3
 0002:00000114  @std@exception@3
 0003:000023B0  B1539_2
 0003:000024B8  B1679_2
 0003:000025B8  B1697_2
 0003:000025D4  B1729_2
 0003:000025D8  B1735_1
 0003:000065DC  B1799_2
 0003:000065E8  B1801_2
 0003:000065EC  B1803_2
 0003:000065F0  B1873_2
 0003:00006600  B1901_1
 0003:00006640  B1987_2
 0003:00006A48  B1991_2
 0003:00006A50  B1997_2
 0003:00006A58  B2031_2
 0003:00000000  B237_2
 0003:00000020  B283_2
 0003:0000221C  B691_1
 0003:000023AC  B781_2
 0001:00002EEC  C1027_0
 0001:00002F14  C1109_0
 0001:00002F80  C1117_0
 0001:00003098  C1119_0
 0001:000031B4  C1121_0
 0001:00003254  C1123_0
 0001:0000333C  C1265_0
 0001:000034C0  C1301_0
 0001:000034D4  C1315_0
 0001:00003504  C1321_0
 0001:0000351C  C1323_0
 0001:00003534  C1363_0
 0001:0000354C  C1371_0
 0001:0000357C  C1373_0
 0001:000035A0  C1375_0
 0001:000035B4  C1401_0
 0001:000036D0  C1415_0
 0001:00003760  C1427_0
 0001:0000378C  C1429_0
 0001:000037BC  C1431_0
 0001:000037D4  C1453_0
 0001:000037FC  C1455_0
 0001:0000382C  C1459_0
 0001:00003B28  C1461_0
 0001:00003E5C  C1469_0
 0001:00004348  C1471_0
 0001:00004840  C1523_0
 0001:00004B18  C1525_0
 0001:00004E10  C1539_0
 0001:00004F50  C1539_3
 0001:00004F60  C1563_0
 0001:00004F7C  C1625_0
 0001:00004FD4  C1679_0
 0001:0000507C  C1697_0
 0001:00005138  C1699_0
 0001:00005140  C1701_0
 0001:000052E0  C1729_0
 0001:000052E0  C1729_3
 0001:00005624  C1733_0
 0001:000056CC  C1735_0
 0001:000057EC  C1771_0
 0001:00005834  C1773_0
 0001:0000589C  C1783_0
 0001:000058B8  C1785_0
 0001:000058CC  C1787_0
 0001:000058E0  C1793_0
 0001:00005908  C1799_0
 0001:00005908  C1799_3
 0001:00005990  C1799_4
 0001:00005A74  C1801_0
 0001:00005C98  C1803_0
 0001:00005F08  C1861_0
 0001:00005F08  C1861_2
 0001:00005F40  C1861_3
 0001:00005F50  C1873_0
 0001:000060D0  C1873_3
 0001:00005F50  C1873_4
 0001:000060F0  C1887_0
 0001:000063EC  C1903_0
 0001:00006510  C1907_0
 0001:0000667C  C1923_0
 0001:000066CC  C1983_0
 0001:0000673C  C1987_0
 0001:00006C3B  C1987_3
 0001:00006893  C1987_4
 0001:00006C67  C1987_5
 0001:00006FE8  C1991_0
 0001:00006FE8  C1991_4
 0001:00007130  C1993_0
 0001:0000713C  C1997_0
 0001:00007294  C1997_3
 0001:000072AC  C1997_4
 0001:000072D4  C1999_0
 0001:00000098  C1_0
 0001:0000731C  C2001_0
 0001:00007350  C2031_0
 0001:00007350  C2031_3
 0001:0000042C  C237_0
 0001:00000578  C241_0
 0001:0000058C  C245_0
 0001:000005AC  C247_0
 0001:000005C4  C249_0
 0001:00000684  C249_2
 0001:000006A0  C251_0
 0001:00000218  C27_0
 0001:000006A4  C283_0
 0001:00001460  C283_3
 0001:00001468  C285_0
 0001:00001FAC  C287_0
 0001:000000A4  C2_0
 0001:00001FF8  C307_0
 0001:00002060  C309_0
 0001:00002064  C313_0
 0001:00000240  C33_0
 0001:00002068  C395_0
 0001:000000B4  C3_0
 0001:00000270  C41_0
 0001:0000209C  C435_0
 0001:000020DC  C449_0
 0001:000020F4  C503_0
 0001:0000210C  C505_0
 0001:00002224  C507_0
 0001:000022D8  C529_0
 0001:00002334  C531_0
 0001:000023B0  C549_0
 0001:00002490  C563_0
 0001:000024D8  C565_0
 0001:00002550  C575_0
 0001:0000266C  C577_0
 0001:00002680  C625_0
 0001:000026E4  C627_0
 0001:00002764  C677_0
 0001:000027E4  C697_0
 0001:00002840  C701_0
 0001:00002864  C719_0
 0001:00002940  C779_0
 0001:00002BFC  C781_0
 0001:00002C7C  C793_0
 0001:00002D98  C817_0
 0001:00002DE8  C895_0
 0001:00002E9C  C895_1
 0002:000015B0  D1097_0
 0002:000017B4  D1127_0
 0002:00001A10  D1265_1
 0002:00001AD0  D1321_1
 0002:00001B38  D1323_1
 0002:00001BA0  D1325_0
 0002:00001BA4  D1379_0
 0002:00001C20  D1389_0
 0002:00001C28  D1431_1
 0002:00001C30  D1459_1
 0002:00001C44  D1461_1
 0002:00001C6C  D1469_1
 0002:00001C94  D1471_1
 0002:00001CBC  D1539_1
 0002:00001D04  D1679_1
 0002:00001D28  D1697_1
 0002:00001D4C  D1699_1
 0002:00001D50  D1701_1
 0002:00001D78  D1733_1
 0002:00001DB4  D1771_1
 0002:00001DC0  D1795_0
 0002:00001DC8  D1797_0
 0002:00001DD0  D1799_1
 0002:00001E24  D1801_1
 0002:00001E4C  D1803_1
 0002:00001E70  D1857_0
 0002:00001E74  D1859_0
 0002:00001E78  D1861_1
 0002:00001E98  D1873_1
 0002:00001EEC  D1887_1
 0002:00001F4C  D1901_0
 0002:00001F50  D1903_1
 0002:00001F54  D1985_0
 0002:00001F58  D1987_1
 0002:000022B8  D1989_1
 0002:000022C0  D1991_1
 0002:000023A8  D1997_1
 0002:000023B8  D2031_1
 0002:00000178  D237_1
 0002:00000288  D249_1
 0002:000002AC  D263_0
 0002:000000D8  D27_1
 0002:000002B0  D283_1
 0002:00000000  D2_1
 0002:000000E8  D33_1
 0002:00000010  D3_1
 0002:000000F8  D41_1
 0002:00000100  D45_1
 0002:00000A64  D577_1
 0002:00000A68  D629_0
 0002:00000A6C  D689_0
 0002:00000F1C  D691_0
 0002:00000FE8  D699_0
 0002:00000FEC  D701_1
 0002:00000FF0  D781_1
 0002:0000111C  D807_1
 0001:00000430  DefaultAllocMem
 0001:0000042C  DefaultRegisterAndUnregisterExpectedMemoryLeak
 0001:000001FE  Sysinit::__linkproc__ __fastcall GetTls()
 0004:00000000  T1991_3
 0002:000018C0  _CLOCALE
 0002:000017B4  _CMonetary
 0002:000017E8  _CNumeric
 0002:000017FE  _CTimeDate
 0001:00008A14  _CatchCleanup()
 0001:00001F78  _FastMM_AllocMem
 0001:000007B4  _FastMM_AllocNewSequentialFeedMediumPool
 0001:00000840  _FastMM_AllocateLargeBlock
 0001:00001064  _FastMM_AttemptToUseSharedMemoryManager
 0001:00001677  _FastMM_BinMediumSequentialFeedRemainder
 0001:00000EBC  _FastMM_CanResizeInplace
 0001:000013CC  _FastMM_FinalizeMemoryManager
 0001:000008A0  _FastMM_FreeLargeBlock
 0001:00001A66  _FastMM_FreeMem
 0001:00000D40  _FastMM_GetHeapStatus
 0001:000016E2  _FastMM_GetMem
 0001:00000E84  _FastMM_GetMemBlockSize
 0001:00000B2C  _FastMM_GetMemoryManagerState
 0001:00000C5C  _FastMM_GetMemoryMap
 0001:00001188  _FastMM_GetMinimumBlockAlignment
 0001:000011B0  _FastMM_InitializeMemoryManager
 0001:00001617  _FastMM_InsertMediumBlockIntoBin
 0001:000006BC  _FastMM_IsMemoryManagerSet
 0001:00001468  _FastMM_LockCmpxchg
 0001:0000146D  _FastMM_Move12
 0001:0000147E  _FastMM_Move20
 0001:0000149B  _FastMM_Move28
 0001:000014C4  _FastMM_Move36
 0001:000014E1  _FastMM_Move44
 0001:00001504  _FastMM_Move52
 0001:0000152D  _FastMM_Move60
 0001:0000155C  _FastMM_Move68
 0001:00001591  _FastMM_MoveX16L4
 0001:000015BE  _FastMM_MoveX8L4
 0001:00001C5E  _FastMM_ReallocMem
 0001:00000938  _FastMM_ReallocateLargeBlock
 0001:000015D9  _FastMM_RemoveMediumFreeBlock
 0001:000006A4  _FastMM_SetMemoryManager
 0001:00001190  _FastMM_SetMinimumBlockAlignment
 0001:000010CC  _FastMM_ShareMemoryManager
 0001:00006FC0  _InitTermAndUnexPtrs()
 0001:0000899C  _ThrowExceptionLDTC(void *, void *, void *, void *, unsigned int, unsigned int, unsigned int, unsigned char *, void *)
 0003:00006600  __C0argc
 0003:00006604  __C0argv
 0003:00006608  __C0environ
 0003:00006A48  __DestructorCountPtr
 0001:000052C8  __ErrorExit
 0001:0000519C  __ErrorMessage
 0001:000050CC  __ErrorMessageHelper
 0003:00006620  __ExcRegPtr
 0001:000070B8  __ExceptInit
 0002:0000235C  __ExceptVarsSize
 0001:00006713  __ExceptionHandler
 0001:00006705  __ExitExceptBlock
 0003:00000031  __FastMM_AllocSize2SmallBlockTypeIndX4
 0002:000002B0  __FastMM_IsMultiThread
 0003:00000178  __FastMM_LastSequentiallyFedMediumBlock
 0003:00000184  __FastMM_MediumBlockBinBitmaps
 0003:00000180  __FastMM_MediumBlockBinGroupBitmap
 0003:00000204  __FastMM_MediumBlockBins
 0002:000009DC  __FastMM_MediumBlocksLocked
 0003:0000017C  __FastMM_MediumSequentialFeedBytesLeft
 0002:000002E4  __FastMM_MemoryManager
 0002:000002B2  __FastMM_NeverSleepOnMMThreadContention
 0002:000002B1  __FastMM_ReportMemoryLeaksOnShutdown
 0002:000002FC  __FastMM_SmallBlockTypes
 0001:00000117  __GetExceptDLLinfo
 0001:00007108  __GetExceptDLLinfoInternal
 0001:000089D4  __Global_unwind
 0003:00006A50  __HandlerPtr
 0001:000072C0  __InitDefaultHander
 0001:000066CC  __InitExceptBlockLDTC
 0002:000000C0  __PackageInfoTable
 0001:000072D4  __SetExceptionHandler
 0001:00007274  __SetUserHandler
 0002:000000AF  __TLS_index
 0002:000000B3  __TLS_index4
 0001:000072E9  __UnsetExceptionHandler
 0001:00007315  __UnwindException
 0003:00006A54  __UserHandlerPtr
 0002:000000BC  ___CPPdebugHook
 0002:000000BC  ___CPPdebugHook_segment
 0002:000022C0  ___CPPexceptionList
 0001:00000574  ___CRTL_MEM_CheckBorMem
 0001:00000474  ___CRTL_MEM_GetBorMemPtrs
 0001:000005C4  ___CRTL_MEM_Revector
 0001:000006A0  ___CRTL_MEM_UseBorMM
 0001:0000667C  ___CRTL_TLS_Alloc
 0001:000066C0  ___CRTL_TLS_ExitThread
 0001:00006684  ___CRTL_TLS_Free
 0001:000066C8  ___CRTL_TLS_GetInfo
 0001:00006694  ___CRTL_TLS_GetValue
 0001:000066B8  ___CRTL_TLS_InitThread
 0001:000066A4  ___CRTL_TLS_SetValue
 0001:00002064  ___CRTL_VCLLIB_Linkage
 0001:00002060  ___CRTL_VCL_Init
 0001:00002C48  ___DOSerror
 0001:00007130  ___DefHandler
 0001:000052B8  ___ErrorMessage
 0002:000022DC  ___ExceptStaticXbuff
 0001:00002BFC  ___IOerror
 0001:00008994  ___JumpToCatch__
 0001:00002C68  ___NTerror
 0001:000001FE  ___System__GetTls
 0001:00008B08  ____ExceptionHandler
 0001:00005758  ___atexit
 0001:00005798  ___call_atexit_procs
 0001:00007014  ___call_terminate
 0001:00007080  ___call_unexpected
 0001:0000733E  ___cleanupTObject
 0001:000052EC  ___dbkFCallArgs
 0002:000023B8  ___debuggerDisableTerminateCallback
 0001:00007322  ___doGlobalUnwind
 0001:00005138  ___errno
 0002:000022C4  ___exceptFlags
 0002:000022D8  ___exceptMemAllocVars
 0002:000022D4  ___exceptStaticBuffP
 0001:000057F0  ___exit
 0001:00002864  ___fputn
 0002:00001BE8  ___ieee_64_n_inf
 0002:00001BF8  ___ieee_64_n_nanq
 0002:00001C08  ___ieee_64_n_nans
 0002:00001C18  ___ieee_64_n_zero
 0002:00001BE0  ___ieee_64_p_inf
 0002:00001BF0  ___ieee_64_p_nanq
 0002:00001C00  ___ieee_64_p_nans
 0002:00001C10  ___ieee_64_p_zero
 0002:000000A1  ___isDLL
 0002:00000068  ___isGUI
 0002:000000A0  ___isVCLPackage
 0001:00002490  ___isatty
 0001:000024C0  ___isatty_osfhandle
 0001:000031B4  ___isctype
 0001:00003200  ___isctypeEx
 0001:00003254  ___iswctype
 0001:000032C4  ___iswctypeEx
 0001:000035B4  ___ldtrunc
 0002:000018EC  ___locale
 0001:000036D0  ___longtoa
 0001:000024D8  ___lseek
 0001:00001FF8  ___org__expand
 0001:00003760  ___org__matherr
 0001:0000378C  ___org__matherrl
 0001:0000201C  ___org__msize
 0001:00002680  ___org__rtl_write
 0001:000026C8  ___org__write
 0001:00000578  ___org_calloc
 0001:00000240  ___org_delete
 0001:00000218  ___org_deletea
 0001:00002764  ___org_fflush
 0001:00002C7C  ___org_fputc
 0001:0000059C  ___org_free
 0001:0000058C  ___org_malloc
 0001:000020F4  ___org_memcpy
 0001:0000220D  ___org_memmove
 0001:000022BF  ___org_memset
 0001:00002D98  ___org_puts
 0001:00006378  ___org_raise
 0001:000005AC  ___org_realloc
 0001:00002068  ___org_strdup
 0001:000022D8  ___org_strlen
 0001:00002334  ___org_strncat
 0003:00006A5C  ___pCPPdebugHook
 0001:0000713C  ___raiseDebuggerException
 0002:000022B8  ___terminatePTR
 0002:000022D0  ___throwExceptionName
 0002:000022C8  ___throwFileName
 0002:000022CC  ___throwLineNumber
 0002:000022BC  ___unexpectdPTR
 0002:000000AE  ___useDynamicTLS
 0001:00003744  ___utoa
 0001:00002550  ___write
 0001:00004840  ___xcvt
 0001:00004B18  ___xcvtw
 0004:00000000  ___xxInfo
 0002:00001F54  ___xxPersonality
 0001:0000564C  __abort
 0001:00005624  __abort_notify
 0001:000000B4  __acrtused
 0001:00006F04  __adjustClassAdr(void *, tpid *, tpid *)
 0001:000026E4  __allocbuf
 0003:00006614  __argc
 0003:000065DC  __argv
 0002:00001E78  __argv0
 0001:000058B8  __argv_default_expand
 0002:00001E70  __argv_expand_ptr
 0001:0000501C  __assert
 0003:0000001C  __borlndmm_GetMem
 0003:00000008  __bormm_pfn_AllocMem
 0003:00000000  __bormm_pfn_FreeMem
 0003:00000004  __bormm_pfn_GetMem
 0003:00000010  __bormm_pfn_HeapAddRef
 0003:00000014  __bormm_pfn_HeapRelease
 0003:0000000C  __bormm_pfn_ReallocMem
 0001:00005884  __c_exit
 0001:0000586C  __cexit
 0002:00000A64  __cfinfo_get
 0002:000015B0  __chartype
 0002:00002370  __chtbl__ __call_terminate()
 0001:000064DC  __cleanup
 0001:000034C0  __clear87
 0002:00001E24  __cmdline_escapes
 0001:000034D4  __control87
 0001:00003B10  __cvt_init
 0001:00003E44  __cvt_initw
 0001:00000210  __dbk_fcall_wrapper
 0003:000025D4  __dbk_fcall_wrapper_addr
 0002:00001BA0  __default87
 0003:00006618  __dll_table
 0001:00005638  __do_abort
 0002:00000FF0  __dosErrorToSV
 0003:000023AC  __doserrno
 0001:00002980  __dup_handle
 0002:00002CFC  __ectbl__ ___ExceptionHandler(_EXCEPTION_RECORD *, ERRbc *, _CONTEXT *, void *, unsigned long, unsigned long, unsigned long, unsigned long, unsigned long, unsigned long)
 0002:00002390  __ectbl__ __call_terminate()
 0002:00001D60  __ectbl__ _internal_dbk_fcall_wrapper()
 0002:00000158  __ectbl__ std::bad_cast::~bad_cast()
 0002:00002D34  __ectbl__ std::bad_exception::bad_exception()
 0002:00002D78  __ectbl__ std::bad_exception::bad_exception(std::bad_exception&)
 0002:00002D60  __ectbl__ std::bad_exception::~bad_exception()
 0002:00002298  __ectbl__ std::bad_typeid::~bad_typeid()
 0002:0000013C  __ectbl__ std::exception::exception()
 0002:00000108  __ectbl__ std::exception::~exception()
 0003:000065FC  __env_lock
 0003:000065F0  __environ
 0003:000065F8  __envsize
 0003:00006634  __exe_table
 0001:00005850  __exit
 0001:000072AC  __exit_except
 0001:00002E9C  __exit_streams
 0001:00005990  __exitargv
 0002:00001DC4  __exitargv_ptr
 0002:00001DB4  __exitbuf
 0002:00001DB8  __exitfopen
 0002:00001DBC  __exitopen
 0001:00001FF8  __expand
 0001:00005F84  __expandblock
 0002:00000A68  __fileinfo
 0002:00001C24  __floatconvert
 0001:000027E4  __flushout
 0002:00000FE8  __fmode
 0002:00000FEC  __fmodeptr
 0001:00003534  __fpreset
 0001:000029E8  __free_handle
 0001:00000690  __free_heaps
 0001:0000354C  __fuildq
 0001:0000357C  __fuistq
 0001:000035A0  __fxam
 0001:00000124  __getHInstance
 0001:00002F14  __getLocaleNumericInfo
 0001:00002940  __get_handle
 0001:00004F48  __getmbcp
 0002:000000B7  __hInstance
 0001:00005BCC  __handle_exitargv
 0001:00005A74  __handle_setargv
 0001:00005E2C  __handle_wexitargv
 0001:00005C98  __handle_wsetargv
 0003:000022E4  __handles
 0002:0000028C  __heap_redirector
 0002:00001BA8  __huge_dble
 0002:00001BA4  __huge_flt
 0002:00001BB0  __huge_ldble
 0002:00001BD0  __indefinite
 0001:00004F50  __initMBCSTable
 0001:00007294  __init_except
 0001:000063FC  __init_exit_proc
 0001:00002AA0  __init_handles
 0001:000058E0  __init_setargv_handlers
 0001:00002DE8  __init_streams
 0001:0000589C  __init_wild_handlers
 0001:00002850  __initfileinfo
 0001:00002840  __initfmode
 0001:000037BC  __initmatherr
 0001:00001FD8  __internal_allocmem
 0001:000054E8  __internal_dbk_fcall_wrapper
 0001:00001FAC  __internal_free
 0001:00001FF0  __internal_free_heaps
 0001:00001FC0  __internal_malloc
 0001:0000202C  __internal_realloc
 0001:00006D9C  __isCompatTypeID(tpid *, tpid *, int, tpid * *)
 0001:0000011C  __isDLL
 0001:00006CC0  __isSameTypeID(tpid *, tpid *)
 0002:00001F4C  __isWindows
 0001:00004F60  __ismbcspace
 0002:00001CBC  __kalpha
 0002:00001CBE  __kpunct
 0001:00003760  __matherr
 0001:0000378C  __matherrl
 0002:00001BBE  __max_dble
 0002:00001BBA  __max_flt
 0002:00001BC6  __max_ldble
 0003:000024B4  __mbcsCodePage
 0003:000023B0  __mbctype
 0001:00004F7C  __mbsrchr
 0002:00001D54  __messagefile
 0002:00001D50  __messagefunc
 0001:0000201C  __msize
 0002:00001AD4  __nextrealptr
 0002:00001B3C  __nextrealwptr
 0002:00000F1C  __nfile
 0002:00002CEC  __odtbl__ ___ExceptionHandler(_EXCEPTION_RECORD *, ERRbc *, _CONTEXT *, void *, unsigned long, unsigned long, unsigned long, unsigned long, unsigned long, unsigned long)
 0002:00002D24  __odtbl__ std::bad_exception::bad_exception()
 0002:00002D50  __odtbl__ std::bad_exception::~bad_exception()
 0002:0000012C  __odtbl__ std::exception::exception()
 0002:00000F20  __openfd
 0003:0000660C  __oscmd
 0003:00006610  __osenv
 0003:0000221C  __pidtab
 0002:00001C28  __pmatherr
 0002:00001C2C  __pmatherrl
 0001:0000333C  __pow10
 0001:000037D4  __qdiv10
 0001:000037FC  __qmul10
 0002:00001AD0  __realcvtptr
 0002:00001B38  __realcvtwptr
 0001:000022D5  __rtl_memset
 0001:000022D5  __rtl_memset_
 0001:00002680  __rtl_write
 0001:00004330  __scan_init
 0001:00004828  __scan_initw
 0002:00001ADC  __scanrsltptr
 0002:00001AD8  __scantodptr
 0002:00001B44  __scanwrsltptr
 0002:00001B40  __scanwtodptr
 0001:00005908  __setargv
 0002:00001DD0  __setargv__
 0002:00001DC0  __setargv_ptr
 0002:00001E98  __setenvp__
 0001:00007248  __setexc
 0001:00004E10  __setmbcp
 0001:00006510  __startup
 0003:0000663C  __stkbase
 0002:000002AC  __stkchk
 0002:00000A6C  __streams
 0002:0000111C  __sys_errlist
 0002:000011E4  __sys_nerr
 0001:000063EC  __terminate
 0002:00000154  __thrwl__ std::bad_cast::~bad_cast()
 0002:00002D20  __thrwl__ std::bad_exception::bad_exception()
 0002:00002D4C  __thrwl__ std::bad_exception::~bad_exception()
 0002:00002294  __thrwl__ std::bad_typeid::~bad_typeid()
 0002:00000128  __thrwl__ std::exception::exception()
 0002:00000104  __thrwl__ std::exception::~exception()
 0002:00001BD4  __tiny_ldble
 0001:00000340  __tpdsc__ std::bad_cast
 0001:00009000  __tpdsc__ std::bad_exception
 0001:00009094  __tpdsc__ std::bad_exception *
 0001:00006EAC  __tpdsc__ std::bad_typeid
 0001:000002F4  __tpdsc__ std::exception
 0001:000003C8  __tpdsc__ std::exception *
 0002:00001C20  __turboFloat
 0001:00006C88  __typeIDname(tpid *)
 0001:00007264  __unsetexc
 0001:00007288  __unsetuserhandler
 0003:0000662C  __wC0argv
 0003:00006630  __wC0environ
 0001:000058CC  __wargv_default_expand
 0002:00001E74  __wargv_expand_ptr
 0002:00001DCC  __wexitargv_ptr
 0001:0000248D  __wmemset
 0001:0000244F  __wmemset_safe
 0003:00006628  __woscmd
 0003:00006624  __wosenv
 0001:000026C8  __write
 0002:00001DC8  __wsetargv_ptr
 0001:00002EEC  __xfflush
 0001:000056BC  _abort
 0001:000000A4  _bonjour
 0001:00000578  _calloc
 0002:00001A10  _e0to7
 0002:00001AA8  _e1024
 0002:00001A8A  _e128
 0002:00001A6C  _e16
 0002:00001AB2  _e2048
 0002:00001A94  _e256
 0002:00001A76  _e32
 0002:00001ABC  _e4096
 0002:00001A9E  _e512
 0002:00001A80  _e64
 0002:00001A60  _e8
 0002:00001AC6  _eINF
 0002:00001D4C  _errno
 0001:00005834  _exit
 0001:00002764  _fflush
 0001:00002C7C  _fputc
 0001:0000059C  _free
 0003:00006A68  _getExceptionObject
 0001:0000210C  _internal_memmove
 0001:00002F80  _isalnum
 0001:00002FAC  _isalpha
 0001:00002F98  _isascii
 0001:00002FC4  _isblank
 0001:00002FD8  _iscntrl
 0001:00002FEC  _isdigit
 0001:00003000  _isgraph
 0001:00003018  _islower
 0001:0000302C  _isprint
 0001:00003044  _ispunct
 0001:00003058  _isspace
 0001:0000306C  _isupper
 0001:00003098  _iswalnum
 0001:000030C4  _iswalpha
 0001:000030B0  _iswascii
 0001:000030DC  _iswblank
 0001:000030F0  _iswcntrl
 0001:00003104  _iswdigit
 0001:00003118  _iswgraph
 0001:00003130  _iswlower
 0001:00003144  _iswprint
 0001:00003160  _iswpunct
 0001:00003174  _iswspace
 0001:00003188  _iswupper
 0001:0000319C  _iswxdigit
 0001:00003080  _isxdigit
 0001:00000098  _main
 0001:0000058C  _malloc
 0001:000020F4  _memcpy
 0001:0000220D  _memmove
 0001:000022BF  _memset
 0003:00006A60  _pVCL_add_EH
 0003:00006A64  _pVCL_clear_EH
 0001:00002D98  _puts
 0001:00006378  _raise
 0003:00006A6C  _raiseExceptObject
 0001:000005AC  _realloc
 0001:00006318  _signal
 0001:00002068  _strdup
 0001:000022D8  _strlen
 0001:00002334  _strncat
 0001:0000209C  _wcscpy
 0001:000020DC  _wcslen
 0001:00002469  _wmemset
 0001:00007337  invokeHnd()
 0001:0000731C  jump()
 0001:00000240  operator delete(void *)
 0001:00000218  operator delete[](void *)
 0001:000003E8  std::bad_cast::~bad_cast()
 0001:00008F68  std::bad_exception::bad_exception()
 0001:0000905C  std::bad_exception::bad_exception(std::bad_exception&)
 0001:00008FA4  std::bad_exception::~bad_exception()
 0001:00006F80  std::bad_typeid::~bad_typeid()
 0001:00000398  std::exception::exception()
 0001:000002E8  std::exception::what() const
 0001:000002A8  std::exception::~exception()
 0001:00000278  std::terminate()
 0001:00000290  std::unexpected()

 Address Publics by Value

 0001:00000098  _main
 0001:00000098  C1_0
 0001:000000A4  C2_0
 0001:000000A4  _bonjour
 0001:000000B4  C3_0
 0001:000000B4  __acrtused
 0001:00000117  __GetExceptDLLinfo
 0001:0000011C  __isDLL
 0001:00000124  __getHInstance
 0001:000001FE  ___System__GetTls
 0001:000001FE  Sysinit::__linkproc__ __fastcall GetTls()
 0001:00000210  __dbk_fcall_wrapper
 0001:00000218  C27_0
 0001:00000218  ___org_deletea
 0001:00000218  operator delete[](void *)
 0001:00000240  operator delete(void *)
 0001:00000240  ___org_delete
 0001:00000240  C33_0
 0001:00000270  C41_0
 0001:00000278  std::terminate()
 0001:00000290  std::unexpected()
 0001:000002A8  std::exception::~exception()
 0001:000002E8  std::exception::what() const
 0001:000002F4  __tpdsc__ std::exception
 0001:00000340  __tpdsc__ std::bad_cast
 0001:00000398  std::exception::exception()
 0001:000003C8  __tpdsc__ std::exception *
 0001:000003E8  std::bad_cast::~bad_cast()
 0001:0000042C  DefaultRegisterAndUnregisterExpectedMemoryLeak
 0001:0000042C  C237_0
 0001:00000430  DefaultAllocMem
 0001:00000474  ___CRTL_MEM_GetBorMemPtrs
 0001:00000574  ___CRTL_MEM_CheckBorMem
 0001:00000578  _calloc
 0001:00000578  ___org_calloc
 0001:00000578  C241_0
 0001:0000058C  _malloc
 0001:0000058C  ___org_malloc
 0001:0000058C  C245_0
 0001:0000059C  ___org_free
 0001:0000059C  _free
 0001:000005AC  _realloc
 0001:000005AC  ___org_realloc
 0001:000005AC  C247_0
 0001:000005C4  ___CRTL_MEM_Revector
 0001:000005C4  C249_0
 0001:00000684  C249_2
 0001:00000690  __free_heaps
 0001:000006A0  ___CRTL_MEM_UseBorMM
 0001:000006A0  C251_0
 0001:000006A4  _FastMM_SetMemoryManager
 0001:000006A4  C283_0
 0001:000006BC  _FastMM_IsMemoryManagerSet
 0001:000007B4  _FastMM_AllocNewSequentialFeedMediumPool
 0001:00000840  _FastMM_AllocateLargeBlock
 0001:000008A0  _FastMM_FreeLargeBlock
 0001:00000938  _FastMM_ReallocateLargeBlock
 0001:00000B2C  _FastMM_GetMemoryManagerState
 0001:00000C5C  _FastMM_GetMemoryMap
 0001:00000D40  _FastMM_GetHeapStatus
 0001:00000E84  _FastMM_GetMemBlockSize
 0001:00000EBC  _FastMM_CanResizeInplace
 0001:00001064  _FastMM_AttemptToUseSharedMemoryManager
 0001:000010CC  _FastMM_ShareMemoryManager
 0001:00001188  _FastMM_GetMinimumBlockAlignment
 0001:00001190  _FastMM_SetMinimumBlockAlignment
 0001:000011B0  _FastMM_InitializeMemoryManager
 0001:000013CC  _FastMM_FinalizeMemoryManager
 0001:00001460  C283_3
 0001:00001468  C285_0
 0001:00001468  _FastMM_LockCmpxchg
 0001:0000146D  _FastMM_Move12
 0001:0000147E  _FastMM_Move20
 0001:0000149B  _FastMM_Move28
 0001:000014C4  _FastMM_Move36
 0001:000014E1  _FastMM_Move44
 0001:00001504  _FastMM_Move52
 0001:0000152D  _FastMM_Move60
 0001:0000155C  _FastMM_Move68
 0001:00001591  _FastMM_MoveX16L4
 0001:000015BE  _FastMM_MoveX8L4
 0001:000015D9  _FastMM_RemoveMediumFreeBlock
 0001:00001617  _FastMM_InsertMediumBlockIntoBin
 0001:00001677  _FastMM_BinMediumSequentialFeedRemainder
 0001:000016E2  _FastMM_GetMem
 0001:00001A66  _FastMM_FreeMem
 0001:00001C5E  _FastMM_ReallocMem
 0001:00001F78  _FastMM_AllocMem
 0001:00001FAC  __internal_free
 0001:00001FAC  C287_0
 0001:00001FC0  __internal_malloc
 0001:00001FD8  __internal_allocmem
 0001:00001FF0  __internal_free_heaps
 0001:00001FF8  C307_0
 0001:00001FF8  __expand
 0001:00001FF8  ___org__expand
 0001:0000201C  __msize
 0001:0000201C  ___org__msize
 0001:0000202C  __internal_realloc
 0001:00002060  ___CRTL_VCL_Init
 0001:00002060  C309_0
 0001:00002064  C313_0
 0001:00002064  ___CRTL_VCLLIB_Linkage
 0001:00002068  C395_0
 0001:00002068  _strdup
 0001:00002068  ___org_strdup
 0001:0000209C  _wcscpy
 0001:0000209C  C435_0
 0001:000020DC  _wcslen
 0001:000020DC  C449_0
 0001:000020F4  C503_0
 0001:000020F4  _memcpy
 0001:000020F4  ___org_memcpy
 0001:0000210C  C505_0
 0001:0000210C  _internal_memmove
 0001:0000220D  ___org_memmove
 0001:0000220D  _memmove
 0001:00002224  C507_0
 0001:000022BF  _memset
 0001:000022BF  ___org_memset
 0001:000022D5  __rtl_memset_
 0001:000022D5  __rtl_memset
 0001:000022D8  _strlen
 0001:000022D8  ___org_strlen
 0001:000022D8  C529_0
 0001:00002334  ___org_strncat
 0001:00002334  _strncat
 0001:00002334  C531_0
 0001:000023B0  C549_0
 0001:0000244F  __wmemset_safe
 0001:00002469  _wmemset
 0001:0000248D  __wmemset
 0001:00002490  ___isatty
 0001:00002490  C563_0
 0001:000024C0  ___isatty_osfhandle
 0001:000024D8  C565_0
 0001:000024D8  ___lseek
 0001:00002550  ___write
 0001:00002550  C575_0
 0001:0000266C  C577_0
 0001:00002680  ___org__rtl_write
 0001:00002680  __rtl_write
 0001:00002680  C625_0
 0001:000026C8  ___org__write
 0001:000026C8  __write
 0001:000026E4  C627_0
 0001:000026E4  __allocbuf
 0001:00002764  ___org_fflush
 0001:00002764  _fflush
 0001:00002764  C677_0
 0001:000027E4  __flushout
 0001:000027E4  C697_0
 0001:00002840  C701_0
 0001:00002840  __initfmode
 0001:00002850  __initfileinfo
 0001:00002864  C719_0
 0001:00002864  ___fputn
 0001:00002940  C779_0
 0001:00002940  __get_handle
 0001:00002980  __dup_handle
 0001:000029E8  __free_handle
 0001:00002AA0  __init_handles
 0001:00002BFC  C781_0
 0001:00002BFC  ___IOerror
 0001:00002C48  ___DOSerror
 0001:00002C68  ___NTerror
 0001:00002C7C  ___org_fputc
 0001:00002C7C  _fputc
 0001:00002C7C  C793_0
 0001:00002D98  _puts
 0001:00002D98  ___org_puts
 0001:00002D98  C817_0
 0001:00002DE8  __init_streams
 0001:00002DE8  C895_0
 0001:00002E9C  __exit_streams
 0001:00002E9C  C895_1
 0001:00002EEC  __xfflush
 0001:00002EEC  C1027_0
 0001:00002F14  __getLocaleNumericInfo
 0001:00002F14  C1109_0
 0001:00002F80  C1117_0
 0001:00002F80  _isalnum
 0001:00002F98  _isascii
 0001:00002FAC  _isalpha
 0001:00002FC4  _isblank
 0001:00002FD8  _iscntrl
 0001:00002FEC  _isdigit
 0001:00003000  _isgraph
 0001:00003018  _islower
 0001:0000302C  _isprint
 0001:00003044  _ispunct
 0001:00003058  _isspace
 0001:0000306C  _isupper
 0001:00003080  _isxdigit
 0001:00003098  C1119_0
 0001:00003098  _iswalnum
 0001:000030B0  _iswascii
 0001:000030C4  _iswalpha
 0001:000030DC  _iswblank
 0001:000030F0  _iswcntrl
 0001:00003104  _iswdigit
 0001:00003118  _iswgraph
 0001:00003130  _iswlower
 0001:00003144  _iswprint
 0001:00003160  _iswpunct
 0001:00003174  _iswspace
 0001:00003188  _iswupper
 0001:0000319C  _iswxdigit
 0001:000031B4  C1121_0
 0001:000031B4  ___isctype
 0001:00003200  ___isctypeEx
 0001:00003254  ___iswctype
 0001:00003254  C1123_0
 0001:000032C4  ___iswctypeEx
 0001:0000333C  C1265_0
 0001:0000333C  __pow10
 0001:000034C0  C1301_0
 0001:000034C0  __clear87
 0001:000034D4  __control87
 0001:000034D4  C1315_0
 0001:00003504  C1321_0
 0001:0000351C  C1323_0
 0001:00003534  __fpreset
 0001:00003534  C1363_0
 0001:0000354C  C1371_0
 0001:0000354C  __fuildq
 0001:0000357C  C1373_0
 0001:0000357C  __fuistq
 0001:000035A0  __fxam
 0001:000035A0  C1375_0
 0001:000035B4  C1401_0
 0001:000035B4  ___ldtrunc
 0001:000036D0  ___longtoa
 0001:000036D0  C1415_0
 0001:00003744  ___utoa
 0001:00003760  C1427_0
 0001:00003760  __matherr
 0001:00003760  ___org__matherr
 0001:0000378C  __matherrl
 0001:0000378C  C1429_0
 0001:0000378C  ___org__matherrl
 0001:000037BC  C1431_0
 0001:000037BC  __initmatherr
 0001:000037D4  C1453_0
 0001:000037D4  __qdiv10
 0001:000037FC  __qmul10
 0001:000037FC  C1455_0
 0001:0000382C  C1459_0
 0001:00003B10  __cvt_init
 0001:00003B28  C1461_0
 0001:00003E44  __cvt_initw
 0001:00003E5C  C1469_0
 0001:00004330  __scan_init
 0001:00004348  C1471_0
 0001:00004828  __scan_initw
 0001:00004840  C1523_0
 0001:00004840  ___xcvt
 0001:00004B18  C1525_0
 0001:00004B18  ___xcvtw
 0001:00004E10  C1539_0
 0001:00004E10  __setmbcp
 0001:00004F48  __getmbcp
 0001:00004F50  __initMBCSTable
 0001:00004F50  C1539_3
 0001:00004F60  C1563_0
 0001:00004F60  __ismbcspace
 0001:00004F7C  __mbsrchr
 0001:00004F7C  C1625_0
 0001:00004FD4  C1679_0
 0001:0000501C  __assert
 0001:0000507C  C1697_0
 0001:000050CC  __ErrorMessageHelper
 0001:00005138  C1699_0
 0001:00005138  ___errno
 0001:00005140  C1701_0
 0001:0000519C  __ErrorMessage
 0001:000052B8  ___ErrorMessage
 0001:000052C8  __ErrorExit
 0001:000052E0  C1729_0
 0001:000052E0  C1729_3
 0001:000052EC  ___dbkFCallArgs
 0001:000054E8  __internal_dbk_fcall_wrapper
 0001:00005624  __abort_notify
 0001:00005624  C1733_0
 0001:00005638  __do_abort
 0001:0000564C  __abort
 0001:000056BC  _abort
 0001:000056CC  C1735_0
 0001:00005758  ___atexit
 0001:00005798  ___call_atexit_procs
 0001:000057EC  C1771_0
 0001:000057F0  ___exit
 0001:00005834  C1773_0
 0001:00005834  _exit
 0001:00005850  __exit
 0001:0000586C  __cexit
 0001:00005884  __c_exit
 0001:0000589C  __init_wild_handlers
 0001:0000589C  C1783_0
 0001:000058B8  C1785_0
 0001:000058B8  __argv_default_expand
 0001:000058CC  C1787_0
 0001:000058CC  __wargv_default_expand
 0001:000058E0  C1793_0
 0001:000058E0  __init_setargv_handlers
 0001:00005908  C1799_0
 0001:00005908  C1799_3
 0001:00005908  __setargv
 0001:00005990  C1799_4
 0001:00005990  __exitargv
 0001:00005A74  C1801_0
 0001:00005A74  __handle_setargv
 0001:00005BCC  __handle_exitargv
 0001:00005C98  C1803_0
 0001:00005C98  __handle_wsetargv
 0001:00005E2C  __handle_wexitargv
 0001:00005F08  C1861_0
 0001:00005F08  C1861_2
 0001:00005F40  C1861_3
 0001:00005F50  C1873_4
 0001:00005F50  C1873_0
 0001:00005F84  __expandblock
 0001:000060D0  C1873_3
 0001:000060F0  C1887_0
 0001:00006318  _signal
 0001:00006378  _raise
 0001:00006378  ___org_raise
 0001:000063EC  __terminate
 0001:000063EC  C1903_0
 0001:000063FC  __init_exit_proc
 0001:000064DC  __cleanup
 0001:00006510  __startup
 0001:00006510  C1907_0
 0001:0000667C  C1923_0
 0001:0000667C  ___CRTL_TLS_Alloc
 0001:00006684  ___CRTL_TLS_Free
 0001:00006694  ___CRTL_TLS_GetValue
 0001:000066A4  ___CRTL_TLS_SetValue
 0001:000066B8  ___CRTL_TLS_InitThread
 0001:000066C0  ___CRTL_TLS_ExitThread
 0001:000066C8  ___CRTL_TLS_GetInfo
 0001:000066CC  C1983_0
 0001:000066CC  __InitExceptBlockLDTC
 0001:00006705  __ExitExceptBlock
 0001:00006713  __ExceptionHandler
 0001:0000673C  C1987_0
 0001:00006893  C1987_4
 0001:00006C3B  C1987_3
 0001:00006C67  C1987_5
 0001:00006C88  __typeIDname(tpid *)
 0001:00006CC0  __isSameTypeID(tpid *, tpid *)
 0001:00006D9C  __isCompatTypeID(tpid *, tpid *, int, tpid * *)
 0001:00006EAC  __tpdsc__ std::bad_typeid
 0001:00006F04  __adjustClassAdr(void *, tpid *, tpid *)
 0001:00006F80  std::bad_typeid::~bad_typeid()
 0001:00006FC0  _InitTermAndUnexPtrs()
 0001:00006FE8  C1991_0
 0001:00006FE8  C1991_4
 0001:00007014  ___call_terminate
 0001:00007080  ___call_unexpected
 0001:000070B8  __ExceptInit
 0001:00007108  __GetExceptDLLinfoInternal
 0001:00007130  ___DefHandler
 0001:00007130  C1993_0
 0001:0000713C  C1997_0
 0001:0000713C  ___raiseDebuggerException
 0001:00007248  __setexc
 0001:00007264  __unsetexc
 0001:00007274  __SetUserHandler
 0001:00007288  __unsetuserhandler
 0001:00007294  __init_except
 0001:00007294  C1997_3
 0001:000072AC  C1997_4
 0001:000072AC  __exit_except
 0001:000072C0  __InitDefaultHander
 0001:000072D4  __SetExceptionHandler
 0001:000072D4  C1999_0
 0001:000072E9  __UnsetExceptionHandler
 0001:00007315  __UnwindException
 0001:0000731C  C2001_0
 0001:0000731C  jump()
 0001:00007322  ___doGlobalUnwind
 0001:00007337  invokeHnd()
 0001:0000733E  ___cleanupTObject
 0001:00007350  C2031_0
 0001:00007350  C2031_3
 0001:00008994  ___JumpToCatch__
 0001:0000899C  _ThrowExceptionLDTC(void *, void *, void *, void *, unsigned int, unsigned int, unsigned int, unsigned char *, void *)
 0001:000089D4  __Global_unwind
 0001:00008A14  _CatchCleanup()
 0001:00008B08  ____ExceptionHandler
 0001:00008F68  std::bad_exception::bad_exception()
 0001:00008FA4  std::bad_exception::~bad_exception()
 0001:00009000  __tpdsc__ std::bad_exception
 0001:0000905C  std::bad_exception::bad_exception(std::bad_exception&)
 0001:00009094  __tpdsc__ std::bad_exception *
 0002:00000000  D2_1
 0002:00000010  D3_1
 0002:00000068  ___isGUI
 0002:000000A0  ___isVCLPackage
 0002:000000A1  ___isDLL
 0002:000000AE  ___useDynamicTLS
 0002:000000AF  __TLS_index
 0002:000000B3  __TLS_index4
 0002:000000B7  __hInstance
 0002:000000BC  ___CPPdebugHook_segment
 0002:000000BC  ___CPPdebugHook
 0002:000000C0  __PackageInfoTable
 0002:000000D8  D27_1
 0002:000000E8  D33_1
 0002:000000F8  D41_1
 0002:00000100  D45_1
 0002:00000104  __thrwl__ std::exception::~exception()
 0002:00000108  __ectbl__ std::exception::~exception()
 0002:00000114  @std@exception@3
 0002:00000128  __thrwl__ std::exception::exception()
 0002:0000012C  __odtbl__ std::exception::exception()
 0002:0000013C  __ectbl__ std::exception::exception()
 0002:00000154  __thrwl__ std::bad_cast::~bad_cast()
 0002:00000158  __ectbl__ std::bad_cast::~bad_cast()
 0002:00000164  @std@bad_cast@3
 0002:00000178  D237_1
 0002:00000288  D249_1
 0002:0000028C  __heap_redirector
 0002:000002AC  D263_0
 0002:000002AC  __stkchk
 0002:000002B0  __FastMM_IsMultiThread
 0002:000002B0  D283_1
 0002:000002B1  __FastMM_ReportMemoryLeaksOnShutdown
 0002:000002B2  __FastMM_NeverSleepOnMMThreadContention
 0002:000002E4  __FastMM_MemoryManager
 0002:000002FC  __FastMM_SmallBlockTypes
 0002:000009DC  __FastMM_MediumBlocksLocked
 0002:00000A64  __cfinfo_get
 0002:00000A64  D577_1
 0002:00000A68  __fileinfo
 0002:00000A68  D629_0
 0002:00000A6C  D689_0
 0002:00000A6C  __streams
 0002:00000F1C  __nfile
 0002:00000F1C  D691_0
 0002:00000F20  __openfd
 0002:00000FE8  __fmode
 0002:00000FE8  D699_0
 0002:00000FEC  __fmodeptr
 0002:00000FEC  D701_1
 0002:00000FF0  D781_1
 0002:00000FF0  __dosErrorToSV
 0002:0000111C  D807_1
 0002:0000111C  __sys_errlist
 0002:000011E4  __sys_nerr
 0002:000015B0  D1097_0
 0002:000015B0  __chartype
 0002:000017B4  D1127_0
 0002:000017B4  _CMonetary
 0002:000017E8  _CNumeric
 0002:000017FE  _CTimeDate
 0002:000018C0  _CLOCALE
 0002:000018EC  ___locale
 0002:00001A10  D1265_1
 0002:00001A10  _e0to7
 0002:00001A60  _e8
 0002:00001A6C  _e16
 0002:00001A76  _e32
 0002:00001A80  _e64
 0002:00001A8A  _e128
 0002:00001A94  _e256
 0002:00001A9E  _e512
 0002:00001AA8  _e1024
 0002:00001AB2  _e2048
 0002:00001ABC  _e4096
 0002:00001AC6  _eINF
 0002:00001AD0  __realcvtptr
 0002:00001AD0  D1321_1
 0002:00001AD4  __nextrealptr
 0002:00001AD8  __scantodptr
 0002:00001ADC  __scanrsltptr
 0002:00001B38  D1323_1
 0002:00001B38  __realcvtwptr
 0002:00001B3C  __nextrealwptr
 0002:00001B40  __scanwtodptr
 0002:00001B44  __scanwrsltptr
 0002:00001BA0  D1325_0
 0002:00001BA0  __default87
 0002:00001BA4  D1379_0
 0002:00001BA4  __huge_flt
 0002:00001BA8  __huge_dble
 0002:00001BB0  __huge_ldble
 0002:00001BBA  __max_flt
 0002:00001BBE  __max_dble
 0002:00001BC6  __max_ldble
 0002:00001BD0  __indefinite
 0002:00001BD4  __tiny_ldble
 0002:00001BE0  ___ieee_64_p_inf
 0002:00001BE8  ___ieee_64_n_inf
 0002:00001BF0  ___ieee_64_p_nanq
 0002:00001BF8  ___ieee_64_n_nanq
 0002:00001C00  ___ieee_64_p_nans
 0002:00001C08  ___ieee_64_n_nans
 0002:00001C10  ___ieee_64_p_zero
 0002:00001C18  ___ieee_64_n_zero
 0002:00001C20  D1389_0
 0002:00001C20  __turboFloat
 0002:00001C24  __floatconvert
 0002:00001C28  D1431_1
 0002:00001C28  __pmatherr
 0002:00001C2C  __pmatherrl
 0002:00001C30  D1459_1
 0002:00001C44  D1461_1
 0002:00001C6C  D1469_1
 0002:00001C94  D1471_1
 0002:00001CBC  D1539_1
 0002:00001CBC  __kalpha
 0002:00001CBE  __kpunct
 0002:00001D04  D1679_1
 0002:00001D28  D1697_1
 0002:00001D4C  _errno
 0002:00001D4C  D1699_1
 0002:00001D50  __messagefunc
 0002:00001D50  D1701_1
 0002:00001D54  __messagefile
 0002:00001D60  __ectbl__ _internal_dbk_fcall_wrapper()
 0002:00001D78  D1733_1
 0002:00001DB4  D1771_1
 0002:00001DB4  __exitbuf
 0002:00001DB8  __exitfopen
 0002:00001DBC  __exitopen
 0002:00001DC0  __setargv_ptr
 0002:00001DC0  D1795_0
 0002:00001DC4  __exitargv_ptr
 0002:00001DC8  D1797_0
 0002:00001DC8  __wsetargv_ptr
 0002:00001DCC  __wexitargv_ptr
 0002:00001DD0  D1799_1
 0002:00001DD0  __setargv__
 0002:00001E24  D1801_1
 0002:00001E24  __cmdline_escapes
 0002:00001E4C  D1803_1
 0002:00001E70  __argv_expand_ptr
 0002:00001E70  D1857_0
 0002:00001E74  __wargv_expand_ptr
 0002:00001E74  D1859_0
 0002:00001E78  D1861_1
 0002:00001E78  __argv0
 0002:00001E98  __setenvp__
 0002:00001E98  D1873_1
 0002:00001EEC  D1887_1
 0002:00001F4C  __isWindows
 0002:00001F4C  D1901_0
 0002:00001F50  D1903_1
 0002:00001F54  ___xxPersonality
 0002:00001F54  D1985_0
 0002:00001F58  D1987_1
 0002:00002294  __thrwl__ std::bad_typeid::~bad_typeid()
 0002:00002298  __ectbl__ std::bad_typeid::~bad_typeid()
 0002:000022A4  @std@bad_typeid@3
 0002:000022B8  ___terminatePTR
 0002:000022B8  D1989_1
 0002:000022BC  ___unexpectdPTR
 0002:000022C0  D1991_1
 0002:000022C0  ___CPPexceptionList
 0002:000022C4  ___exceptFlags
 0002:000022C8  ___throwFileName
 0002:000022CC  ___throwLineNumber
 0002:000022D0  ___throwExceptionName
 0002:000022D4  ___exceptStaticBuffP
 0002:000022D8  ___exceptMemAllocVars
 0002:000022DC  ___ExceptStaticXbuff
 0002:0000235C  __ExceptVarsSize
 0002:00002370  __chtbl__ __call_terminate()
 0002:00002390  __ectbl__ __call_terminate()
 0002:000023A8  D1997_1
 0002:000023B8  ___debuggerDisableTerminateCallback
 0002:000023B8  D2031_1
 0002:00002CEC  __odtbl__ ___ExceptionHandler(_EXCEPTION_RECORD *, ERRbc *, _CONTEXT *, void *, unsigned long, unsigned long, unsigned long, unsigned long, unsigned long, unsigned long)
 0002:00002CFC  __ectbl__ ___ExceptionHandler(_EXCEPTION_RECORD *, ERRbc *, _CONTEXT *, void *, unsigned long, unsigned long, unsigned long, unsigned long, unsigned long, unsigned long)
 0002:00002D20  __thrwl__ std::bad_exception::bad_exception()
 0002:00002D24  __odtbl__ std::bad_exception::bad_exception()
 0002:00002D34  __ectbl__ std::bad_exception::bad_exception()
 0002:00002D4C  __thrwl__ std::bad_exception::~bad_exception()
 0002:00002D50  __odtbl__ std::bad_exception::~bad_exception()
 0002:00002D60  __ectbl__ std::bad_exception::~bad_exception()
 0002:00002D78  __ectbl__ std::bad_exception::bad_exception(std::bad_exception&)
 0002:00002D84  @std@bad_exception@3
 0003:00000000  __bormm_pfn_FreeMem
 0003:00000000  B237_2
 0003:00000004  __bormm_pfn_GetMem
 0003:00000008  __bormm_pfn_AllocMem
 0003:0000000C  __bormm_pfn_ReallocMem
 0003:00000010  __bormm_pfn_HeapAddRef
 0003:00000014  __bormm_pfn_HeapRelease
 0003:0000001C  __borlndmm_GetMem
 0003:00000020  B283_2
 0003:00000031  __FastMM_AllocSize2SmallBlockTypeIndX4
 0003:00000178  __FastMM_LastSequentiallyFedMediumBlock
 0003:0000017C  __FastMM_MediumSequentialFeedBytesLeft
 0003:00000180  __FastMM_MediumBlockBinGroupBitmap
 0003:00000184  __FastMM_MediumBlockBinBitmaps
 0003:00000204  __FastMM_MediumBlockBins
 0003:0000221C  __pidtab
 0003:0000221C  B691_1
 0003:000022E4  __handles
 0003:000023AC  B781_2
 0003:000023AC  __doserrno
 0003:000023B0  __mbctype
 0003:000023B0  B1539_2
 0003:000024B4  __mbcsCodePage
 0003:000024B8  B1679_2
 0003:000025B8  B1697_2
 0003:000025D4  B1729_2
 0003:000025D4  __dbk_fcall_wrapper_addr
 0003:000025D8  B1735_1
 0003:000065DC  __argv
 0003:000065DC  B1799_2
 0003:000065E8  B1801_2
 0003:000065EC  B1803_2
 0003:000065F0  __environ
 0003:000065F0  B1873_2
 0003:000065F8  __envsize
 0003:000065FC  __env_lock
 0003:00006600  B1901_1
 0003:00006600  __C0argc
 0003:00006604  __C0argv
 0003:00006608  __C0environ
 0003:0000660C  __oscmd
 0003:00006610  __osenv
 0003:00006614  __argc
 0003:00006618  __dll_table
 0003:00006620  __ExcRegPtr
 0003:00006624  __wosenv
 0003:00006628  __woscmd
 0003:0000662C  __wC0argv
 0003:00006630  __wC0environ
 0003:00006634  __exe_table
 0003:0000663C  __stkbase
 0003:00006640  B1987_2
 0003:00006A48  B1991_2
 0003:00006A48  __DestructorCountPtr
 0003:00006A50  B1997_2
 0003:00006A50  __HandlerPtr
 0003:00006A54  __UserHandlerPtr
 0003:00006A58  B2031_2
 0003:00006A5C  ___pCPPdebugHook
 0003:00006A60  _pVCL_add_EH
 0003:00006A64  _pVCL_clear_EH
 0003:00006A68  _getExceptionObject
 0003:00006A6C  _raiseExceptObject
 0004:00000000  ___xxInfo
 0004:00000000  T1991_3
